14:06:06 **** Build of configuration Debug for project STM32_Lab3 ****
make -j16 all 
arm-none-eabi-gcc "../Drivers/STM32F1xx_HAL_Driver/Src/stm32f1xx_hal.c" -mcpu=cortex-m3 -std=gnu11 -g3 -DDEBUG -DUSE_HAL_DRIVER -DSTM32F103x6 -c -I../Core/Inc -I../Drivers/STM32F1xx_HAL_Driver/Inc -I../Drivers/STM32F1xx_HAL_Driver/Inc/Legacy -I../Drivers/CMSIS/Device/ST/STM32F1xx/Include -I../Drivers/CMSIS/Include -O0 -ffunction-sections -fdata-sections -Wall -fstack-usage -MMD -MP -MF"Drivers/STM32F1xx_HAL_Driver/Src/stm32f1xx_hal.d" -MT"Drivers/STM32F1xx_HAL_Driver/Src/stm32f1xx_hal.o" --specs=nano.specs -mfloat-abi=soft -mthumb -o "Drivers/STM32F1xx_HAL_Driver/Src/stm32f1xx_hal.o"
arm-none-eabi-gcc "../Drivers/STM32F1xx_HAL_Driver/Src/stm32f1xx_hal_cortex.c" -mcpu=cortex-m3 -std=gnu11 -g3 -DDEBUG -DUSE_HAL_DRIVER -DSTM32F103x6 -c -I../Core/Inc -I../Drivers/STM32F1xx_HAL_Driver/Inc -I../Drivers/STM32F1xx_HAL_Driver/Inc/Legacy -I../Drivers/CMSIS/Device/ST/STM32F1xx/Include -I../Drivers/CMSIS/Include -O0 -ffunction-sections -fdata-sections -Wall -fstack-usage -MMD -MP -MF"Drivers/STM32F1xx_HAL_Driver/Src/stm32f1xx_hal_cortex.d" -MT"Drivers/STM32F1xx_HAL_Driver/Src/stm32f1xx_hal_cortex.o" --specs=nano.specs -mfloat-abi=soft -mthumb -o "Drivers/STM32F1xx_HAL_Driver/Src/stm32f1xx_hal_cortex.o"
arm-none-eabi-gcc "../Drivers/STM32F1xx_HAL_Driver/Src/stm32f1xx_hal_dma.c" -mcpu=cortex-m3 -std=gnu11 -g3 -DDEBUG -DUSE_HAL_DRIVER -DSTM32F103x6 -c -I../Core/Inc -I../Drivers/STM32F1xx_HAL_Driver/Inc -I../Drivers/STM32F1xx_HAL_Driver/Inc/Legacy -I../Drivers/CMSIS/Device/ST/STM32F1xx/Include -I../Drivers/CMSIS/Include -O0 -ffunction-sections -fdata-sections -Wall -fstack-usage -MMD -MP -MF"Drivers/STM32F1xx_HAL_Driver/Src/stm32f1xx_hal_dma.d" -MT"Drivers/STM32F1xx_HAL_Driver/Src/stm32f1xx_hal_dma.o" --specs=nano.specs -mfloat-abi=soft -mthumb -o "Drivers/STM32F1xx_HAL_Driver/Src/stm32f1xx_hal_dma.o"
arm-none-eabi-gcc "../Drivers/STM32F1xx_HAL_Driver/Src/stm32f1xx_hal_exti.c" -mcpu=cortex-m3 -std=gnu11 -g3 -DDEBUG -DUSE_HAL_DRIVER -DSTM32F103x6 -c -I../Core/Inc -I../Drivers/STM32F1xx_HAL_Driver/Inc -I../Drivers/STM32F1xx_HAL_Driver/Inc/Legacy -I../Drivers/CMSIS/Device/ST/STM32F1xx/Include -I../Drivers/CMSIS/Include -O0 -ffunction-sections -fdata-sections -Wall -fstack-usage -MMD -MP -MF"Drivers/STM32F1xx_HAL_Driver/Src/stm32f1xx_hal_exti.d" -MT"Drivers/STM32F1xx_HAL_Driver/Src/stm32f1xx_hal_exti.o" --specs=nano.specs -mfloat-abi=soft -mthumb -o "Drivers/STM32F1xx_HAL_Driver/Src/stm32f1xx_hal_exti.o"
arm-none-eabi-gcc "../Drivers/STM32F1xx_HAL_Driver/Src/stm32f1xx_hal_flash.c" -mcpu=cortex-m3 -std=gnu11 -g3 -DDEBUG -DUSE_HAL_DRIVER -DSTM32F103x6 -c -I../Core/Inc -I../Drivers/STM32F1xx_HAL_Driver/Inc -I../Drivers/STM32F1xx_HAL_Driver/Inc/Legacy -I../Drivers/CMSIS/Device/ST/STM32F1xx/Include -I../Drivers/CMSIS/Include -O0 -ffunction-sections -fdata-sections -Wall -fstack-usage -MMD -MP -MF"Drivers/STM32F1xx_HAL_Driver/Src/stm32f1xx_hal_flash.d" -MT"Drivers/STM32F1xx_HAL_Driver/Src/stm32f1xx_hal_flash.o" --specs=nano.specs -mfloat-abi=soft -mthumb -o "Drivers/STM32F1xx_HAL_Driver/Src/stm32f1xx_hal_flash.o"
arm-none-eabi-gcc "../Drivers/STM32F1xx_HAL_Driver/Src/stm32f1xx_hal_flash_ex.c" -mcpu=cortex-m3 -std=gnu11 -g3 -DDEBUG -DUSE_HAL_DRIVER -DSTM32F103x6 -c -I../Core/Inc -I../Drivers/STM32F1xx_HAL_Driver/Inc -I../Drivers/STM32F1xx_HAL_Driver/Inc/Legacy -I../Drivers/CMSIS/Device/ST/STM32F1xx/Include -I../Drivers/CMSIS/Include -O0 -ffunction-sections -fdata-sections -Wall -fstack-usage -MMD -MP -MF"Drivers/STM32F1xx_HAL_Driver/Src/stm32f1xx_hal_flash_ex.d" -MT"Drivers/STM32F1xx_HAL_Driver/Src/stm32f1xx_hal_flash_ex.o" --specs=nano.specs -mfloat-abi=soft -mthumb -o "Drivers/STM32F1xx_HAL_Driver/Src/stm32f1xx_hal_flash_ex.o"
arm-none-eabi-gcc "../Drivers/STM32F1xx_HAL_Driver/Src/stm32f1xx_hal_gpio.c" -mcpu=cortex-m3 -std=gnu11 -g3 -DDEBUG -DUSE_HAL_DRIVER -DSTM32F103x6 -c -I../Core/Inc -I../Drivers/STM32F1xx_HAL_Driver/Inc -I../Drivers/STM32F1xx_HAL_Driver/Inc/Legacy -I../Drivers/CMSIS/Device/ST/STM32F1xx/Include -I../Drivers/CMSIS/Include -O0 -ffunction-sections -fdata-sections -Wall -fstack-usage -MMD -MP -MF"Drivers/STM32F1xx_HAL_Driver/Src/stm32f1xx_hal_gpio.d" -MT"Drivers/STM32F1xx_HAL_Driver/Src/stm32f1xx_hal_gpio.o" --specs=nano.specs -mfloat-abi=soft -mthumb -o "Drivers/STM32F1xx_HAL_Driver/Src/stm32f1xx_hal_gpio.o"
arm-none-eabi-gcc "../Drivers/STM32F1xx_HAL_Driver/Src/stm32f1xx_hal_gpio_ex.c" -mcpu=cortex-m3 -std=gnu11 -g3 -DDEBUG -DUSE_HAL_DRIVER -DSTM32F103x6 -c -I../Core/Inc -I../Drivers/STM32F1xx_HAL_Driver/Inc -I../Drivers/STM32F1xx_HAL_Driver/Inc/Legacy -I../Drivers/CMSIS/Device/ST/STM32F1xx/Include -I../Drivers/CMSIS/Include -O0 -ffunction-sections -fdata-sections -Wall -fstack-usage -MMD -MP -MF"Drivers/STM32F1xx_HAL_Driver/Src/stm32f1xx_hal_gpio_ex.d" -MT"Drivers/STM32F1xx_HAL_Driver/Src/stm32f1xx_hal_gpio_ex.o" --specs=nano.specs -mfloat-abi=soft -mthumb -o "Drivers/STM32F1xx_HAL_Driver/Src/stm32f1xx_hal_gpio_ex.o"
arm-none-eabi-gcc "../Drivers/STM32F1xx_HAL_Driver/Src/stm32f1xx_hal_pwr.c" -mcpu=cortex-m3 -std=gnu11 -g3 -DDEBUG -DUSE_HAL_DRIVER -DSTM32F103x6 -c -I../Core/Inc -I../Drivers/STM32F1xx_HAL_Driver/Inc -I../Drivers/STM32F1xx_HAL_Driver/Inc/Legacy -I../Drivers/CMSIS/Device/ST/STM32F1xx/Include -I../Drivers/CMSIS/Include -O0 -ffunction-sections -fdata-sections -Wall -fstack-usage -MMD -MP -MF"Drivers/STM32F1xx_HAL_Driver/Src/stm32f1xx_hal_pwr.d" -MT"Drivers/STM32F1xx_HAL_Driver/Src/stm32f1xx_hal_pwr.o" --specs=nano.specs -mfloat-abi=soft -mthumb -o "Drivers/STM32F1xx_HAL_Driver/Src/stm32f1xx_hal_pwr.o"
arm-none-eabi-gcc "../Drivers/STM32F1xx_HAL_Driver/Src/stm32f1xx_hal_rcc.c" -mcpu=cortex-m3 -std=gnu11 -g3 -DDEBUG -DUSE_HAL_DRIVER -DSTM32F103x6 -c -I../Core/Inc -I../Drivers/STM32F1xx_HAL_Driver/Inc -I../Drivers/STM32F1xx_HAL_Driver/Inc/Legacy -I../Drivers/CMSIS/Device/ST/STM32F1xx/Include -I../Drivers/CMSIS/Include -O0 -ffunction-sections -fdata-sections -Wall -fstack-usage -MMD -MP -MF"Drivers/STM32F1xx_HAL_Driver/Src/stm32f1xx_hal_rcc.d" -MT"Drivers/STM32F1xx_HAL_Driver/Src/stm32f1xx_hal_rcc.o" --specs=nano.specs -mfloat-abi=soft -mthumb -o "Drivers/STM32F1xx_HAL_Driver/Src/stm32f1xx_hal_rcc.o"
arm-none-eabi-gcc "../Drivers/STM32F1xx_HAL_Driver/Src/stm32f1xx_hal_rcc_ex.c" -mcpu=cortex-m3 -std=gnu11 -g3 -DDEBUG -DUSE_HAL_DRIVER -DSTM32F103x6 -c -I../Core/Inc -I../Drivers/STM32F1xx_HAL_Driver/Inc -I../Drivers/STM32F1xx_HAL_Driver/Inc/Legacy -I../Drivers/CMSIS/Device/ST/STM32F1xx/Include -I../Drivers/CMSIS/Include -O0 -ffunction-sections -fdata-sections -Wall -fstack-usage -MMD -MP -MF"Drivers/STM32F1xx_HAL_Driver/Src/stm32f1xx_hal_rcc_ex.d" -MT"Drivers/STM32F1xx_HAL_Driver/Src/stm32f1xx_hal_rcc_ex.o" --specs=nano.specs -mfloat-abi=soft -mthumb -o "Drivers/STM32F1xx_HAL_Driver/Src/stm32f1xx_hal_rcc_ex.o"
arm-none-eabi-gcc "../Drivers/STM32F1xx_HAL_Driver/Src/stm32f1xx_hal_tim.c" -mcpu=cortex-m3 -std=gnu11 -g3 -DDEBUG -DUSE_HAL_DRIVER -DSTM32F103x6 -c -I../Core/Inc -I../Drivers/STM32F1xx_HAL_Driver/Inc -I../Drivers/STM32F1xx_HAL_Driver/Inc/Legacy -I../Drivers/CMSIS/Device/ST/STM32F1xx/Include -I../Drivers/CMSIS/Include -O0 -ffunction-sections -fdata-sections -Wall -fstack-usage -MMD -MP -MF"Drivers/STM32F1xx_HAL_Driver/Src/stm32f1xx_hal_tim.d" -MT"Drivers/STM32F1xx_HAL_Driver/Src/stm32f1xx_hal_tim.o" --specs=nano.specs -mfloat-abi=soft -mthumb -o "Drivers/STM32F1xx_HAL_Driver/Src/stm32f1xx_hal_tim.o"
arm-none-eabi-gcc "../Drivers/STM32F1xx_HAL_Driver/Src/stm32f1xx_hal_tim_ex.c" -mcpu=cortex-m3 -std=gnu11 -g3 -DDEBUG -DUSE_HAL_DRIVER -DSTM32F103x6 -c -I../Core/Inc -I../Drivers/STM32F1xx_HAL_Driver/Inc -I../Drivers/STM32F1xx_HAL_Driver/Inc/Legacy -I../Drivers/CMSIS/Device/ST/STM32F1xx/Include -I../Drivers/CMSIS/Include -O0 -ffunction-sections -fdata-sections -Wall -fstack-usage -MMD -MP -MF"Drivers/STM32F1xx_HAL_Driver/Src/stm32f1xx_hal_tim_ex.d" -MT"Drivers/STM32F1xx_HAL_Driver/Src/stm32f1xx_hal_tim_ex.o" --specs=nano.specs -mfloat-abi=soft -mthumb -o "Drivers/STM32F1xx_HAL_Driver/Src/stm32f1xx_hal_tim_ex.o"
arm-none-eabi-gcc -mcpu=cortex-m3 -g3 -DDEBUG -c -x assembler-with-cpp -MMD -MP -MF"Core/Startup/startup_stm32f103c6ux.d" -MT"Core/Startup/startup_stm32f103c6ux.o" --specs=nano.specs -mfloat-abi=soft -mthumb -o "Core/Startup/startup_stm32f103c6ux.o" "../Core/Startup/startup_stm32f103c6ux.s"
arm-none-eabi-gcc "../Core/Src/button.c" -mcpu=cortex-m3 -std=gnu11 -g3 -DDEBUG -DUSE_HAL_DRIVER -DSTM32F103x6 -c -I../Core/Inc -I../Drivers/STM32F1xx_HAL_Driver/Inc -I../Drivers/STM32F1xx_HAL_Driver/Inc/Legacy -I../Drivers/CMSIS/Device/ST/STM32F1xx/Include -I../Drivers/CMSIS/Include -O0 -ffunction-sections -fdata-sections -Wall -fstack-usage -MMD -MP -MF"Core/Src/button.d" -MT"Core/Src/button.o" --specs=nano.specs -mfloat-abi=soft -mthumb -o "Core/Src/button.o"
arm-none-eabi-gcc "../Core/Src/global.c" -mcpu=cortex-m3 -std=gnu11 -g3 -DDEBUG -DUSE_HAL_DRIVER -DSTM32F103x6 -c -I../Core/Inc -I../Drivers/STM32F1xx_HAL_Driver/Inc -I../Drivers/STM32F1xx_HAL_Driver/Inc/Legacy -I../Drivers/CMSIS/Device/ST/STM32F1xx/Include -I../Drivers/CMSIS/Include -O0 -ffunction-sections -fdata-sections -Wall -fstack-usage -MMD -MP -MF"Core/Src/global.d" -MT"Core/Src/global.o" --specs=nano.specs -mfloat-abi=soft -mthumb -o "Core/Src/global.o"
In file included from ../Core/Inc/button.h:11,
                 from ../Core/Src/button.c:9:
../Core/Inc/global.h:17:25: error: expected ']' before ';' token
   17 | #define NUM_OF_BUTTONS 3;
      |                         ^
../Core/Inc/button.h:15:24: note: in expansion of macro 'NUM_OF_BUTTONS'
   15 | extern int button_flag[NUM_OF_BUTTONS];
      |                        ^~~~~~~~~~~~~~
../Core/Inc/global.h:17:25: error: expected ']' before ';' token
   17 | #define NUM_OF_BUTTONS 3;
      |                         ^
../Core/Src/button.c:11:25: note: in expansion of macro 'NUM_OF_BUTTONS'
   11 | static int buttonBuffer[NUM_OF_BUTTONS] = { BUTTON_IS_RELEASED };
      |                         ^~~~~~~~~~~~~~
../Core/Inc/global.h:17:25: error: expected ']' before ';' token
   17 | #define NUM_OF_BUTTONS 3;
      |                         ^
../Core/Src/button.c:12:34: note: in expansion of macro 'NUM_OF_BUTTONS'
   12 | static int debounceButtonBuffer1[NUM_OF_BUTTONS] = { BUTTON_IS_RELEASED };
      |                                  ^~~~~~~~~~~~~~
../Core/Inc/global.h:17:25: error: expected ']' before ';' token
   17 | #define NUM_OF_BUTTONS 3;
      |                         ^
../Core/Src/button.c:13:34: note: in expansion of macro 'NUM_OF_BUTTONS'
   13 | static int debounceButtonBuffer2[NUM_OF_BUTTONS] = { BUTTON_IS_RELEASED };
      |                                  ^~~~~~~~~~~~~~
../Core/Inc/global.h:17:25: error: expected ']' before ';' token
   17 | #define NUM_OF_BUTTONS 3;
      |                         ^
../Core/Src/button.c:14:34: note: in expansion of macro 'NUM_OF_BUTTONS'
   14 | static int longPressButtonBuffer[NUM_OF_BUTTONS] = { BUTTON_IS_RELEASED };
      |                                  ^~~~~~~~~~~~~~
../Core/Inc/global.h:17:25: error: expected ']' before ';' token
   17 | #define NUM_OF_BUTTONS 3;
      |                         ^
../Core/Src/button.c:16:17: note: in expansion of macro 'NUM_OF_BUTTONS'
   16 | int button_flag[NUM_OF_BUTTONS];
      |                 ^~~~~~~~~~~~~~
../Core/Inc/global.h:17:25: error: expected ']' before ';' token
   17 | #define NUM_OF_BUTTONS 3;
      |                         ^
../Core/Src/button.c:17:24: note: in expansion of macro 'NUM_OF_BUTTONS'
   17 | int TimeOutForKeyPress[NUM_OF_BUTTONS];
      |                        ^~~~~~~~~~~~~~
../Core/Src/button.c: In function 'clearAllButtons':
../Core/Src/button.c:20:36: error: expected expression before ';' token
   20 |  for (int i = 0; i < NUM_OF_BUTTONS; i++) {
      |                                    ^
../Core/Src/button.c:21:3: error: 'debounceButtonBuffer1' undeclared (first use in this function)
   21 |   debounceButtonBuffer1[i] = BUTTON_IS_RELEASED;
      |   ^~~~~~~~~~~~~~~~~~~~~
../Core/Src/button.c:21:3: note: each undeclared identifier is reported only once for each function it appears in
../Core/Src/button.c:22:3: error: 'debounceButtonBuffer2' undeclared (first use in this function)
   22 |   debounceButtonBuffer2[i] = BUTTON_IS_RELEASED;
      |   ^~~~~~~~~~~~~~~~~~~~~
../Core/Src/button.c:23:3: error: 'buttonBuffer' undeclared (first use in this function)
   23 |   buttonBuffer[i] = BUTTON_IS_RELEASED;
      |   ^~~~~~~~~~~~
In file included from ../Core/Inc/button.h:11,
                 from ../Core/Src/button.c:9:
../Core/Inc/global.h:18:31: error: expected ')' before ';' token
   18 | #define BUTTON_IS_RELEASED SET;
      |                               ^
../Core/Src/button.c:25:54: note: in expansion of macro 'BUTTON_IS_RELEASED'
   25 |  HAL_GPIO_WritePin(BUTTON_1_GPIO_Port, BUTTON_1_Pin, BUTTON_IS_RELEASED);
      |                                                      ^~~~~~~~~~~~~~~~~~
../Core/Inc/global.h:18:31: error: expected ')' before ';' token
   18 | #define BUTTON_IS_RELEASED SET;
      |                               ^
../Core/Src/button.c:26:54: note: in expansion of macro 'BUTTON_IS_RELEASED'
   26 |  HAL_GPIO_WritePin(BUTTON_2_GPIO_Port, BUTTON_2_Pin, BUTTON_IS_RELEASED);
      |                                                      ^~~~~~~~~~~~~~~~~~
../Core/Inc/global.h:18:31: error: expected ')' before ';' token
   18 | #define BUTTON_IS_RELEASED SET;
      |                               ^
../Core/Src/button.c:27:54: note: in expansion of macro 'BUTTON_IS_RELEASED'
   27 |  HAL_GPIO_WritePin(BUTTON_3_GPIO_Port, BUTTON_3_Pin, BUTTON_IS_RELEASED);
      |                                                      ^~~~~~~~~~~~~~~~~~
../Core/Src/button.c: In function 'isButtonPressed':
../Core/Src/button.c:31:6: error: 'button_flag' undeclared (first use in this function)
   31 |  if (button_flag[index] == 1) {
      |      ^~~~~~~~~~~
../Core/Src/button.c: In function 'subKeyProcess':
../Core/Src/button.c:39:2: error: 'button_flag' undeclared (first use in this function)
   39 |  button_flag[index] = 1;
      |  ^~~~~~~~~~~
../Core/Src/button.c: In function 'getKeyInput':
../Core/Src/button.c:43:36: error: expected expression before ';' token
   43 |  for (int i = 0; i < NUM_OF_BUTTONS; i++) {
      |                                    ^
../Core/Src/button.c:44:3: error: 'debounceButtonBuffer1' undeclared (first use in this function)
   44 |   debounceButtonBuffer1[i] = debounceButtonBuffer2[i];
      |   ^~~~~~~~~~~~~~~~~~~~~
../Core/Src/button.c:44:30: error: 'debounceButtonBuffer2' undeclared (first use in this function)
   44 |   debounceButtonBuffer1[i] = debounceButtonBuffer2[i];
      |                              ^~~~~~~~~~~~~~~~~~~~~
../Core/Src/button.c:45:30: error: 'buttonBuffer' undeclared (first use in this function)
   45 |   debounceButtonBuffer2[i] = buttonBuffer[i];
      |                              ^~~~~~~~~~~~
../Core/Src/button.c:61:27: error: 'longPressButtonBuffer' undeclared (first use in this function)
   61 |    if (buttonBuffer[i] != longPressButtonBuffer[i]) {
      |                           ^~~~~~~~~~~~~~~~~~~~~
../Core/Src/button.c:64:28: error: 'PRESSED_STATE' undeclared (first use in this function)
   64 |     if (buttonBuffer[i] == PRESSED_STATE) {
      |                            ^~~~~~~~~~~~~
../Core/Src/button.c:65:6: error: 'TimeOutForKeyPress' undeclared (first use in this function)
   65 |      TimeOutForKeyPress[i] = TIME_OUT_FOR_KEY_PRESS;
      |      ^~~~~~~~~~~~~~~~~~
make: *** [Core/Src/subdir.mk:46: Core/Src/button.o] Error 1
make: *** Waiting for unfinished jobs....
"make -j16 all" terminated with exit code 2. Build might be incomplete.
14:06:20 **** Incremental Build of configuration Debug for project STM32_Lab3 ****
make -j16 all 
arm-none-eabi-gcc "../Core/Src/button.c" -mcpu=cortex-m3 -std=gnu11 -g3 -DDEBUG -DUSE_HAL_DRIVER -DSTM32F103x6 -c -I../Core/Inc -I../Drivers/STM32F1xx_HAL_Driver/Inc -I../Drivers/STM32F1xx_HAL_Driver/Inc/Legacy -I../Drivers/CMSIS/Device/ST/STM32F1xx/Include -I../Drivers/CMSIS/Include -O0 -ffunction-sections -fdata-sections -Wall -fstack-usage -MMD -MP -MF"Core/Src/button.d" -MT"Core/Src/button.o" --specs=nano.specs -mfloat-abi=soft -mthumb -o "Core/Src/button.o"
arm-none-eabi-gcc "../Core/Src/led7_segment.c" -mcpu=cortex-m3 -std=gnu11 -g3 -DDEBUG -DUSE_HAL_DRIVER -DSTM32F103x6 -c -I../Core/Inc -I../Drivers/STM32F1xx_HAL_Driver/Inc -I../Drivers/STM32F1xx_HAL_Driver/Inc/Legacy -I../Drivers/CMSIS/Device/ST/STM32F1xx/Include -I../Drivers/CMSIS/Include -O0 -ffunction-sections -fdata-sections -Wall -fstack-usage -MMD -MP -MF"Core/Src/led7_segment.d" -MT"Core/Src/led7_segment.o" --specs=nano.specs -mfloat-abi=soft -mthumb -o "Core/Src/led7_segment.o"
arm-none-eabi-gcc "../Core/Src/main.c" -mcpu=cortex-m3 -std=gnu11 -g3 -DDEBUG -DUSE_HAL_DRIVER -DSTM32F103x6 -c -I../Core/Inc -I../Drivers/STM32F1xx_HAL_Driver/Inc -I../Drivers/STM32F1xx_HAL_Driver/Inc/Legacy -I../Drivers/CMSIS/Device/ST/STM32F1xx/Include -I../Drivers/CMSIS/Include -O0 -ffunction-sections -fdata-sections -Wall -fstack-usage -MMD -MP -MF"Core/Src/main.d" -MT"Core/Src/main.o" --specs=nano.specs -mfloat-abi=soft -mthumb -o "Core/Src/main.o"
arm-none-eabi-gcc "../Core/Src/software_timer.c" -mcpu=cortex-m3 -std=gnu11 -g3 -DDEBUG -DUSE_HAL_DRIVER -DSTM32F103x6 -c -I../Core/Inc -I../Drivers/STM32F1xx_HAL_Driver/Inc -I../Drivers/STM32F1xx_HAL_Driver/Inc/Legacy -I../Drivers/CMSIS/Device/ST/STM32F1xx/Include -I../Drivers/CMSIS/Include -O0 -ffunction-sections -fdata-sections -Wall -fstack-usage -MMD -MP -MF"Core/Src/software_timer.d" -MT"Core/Src/software_timer.o" --specs=nano.specs -mfloat-abi=soft -mthumb -o "Core/Src/software_timer.o"
arm-none-eabi-gcc "../Core/Src/stm32f1xx_hal_msp.c" -mcpu=cortex-m3 -std=gnu11 -g3 -DDEBUG -DUSE_HAL_DRIVER -DSTM32F103x6 -c -I../Core/Inc -I../Drivers/STM32F1xx_HAL_Driver/Inc -I../Drivers/STM32F1xx_HAL_Driver/Inc/Legacy -I../Drivers/CMSIS/Device/ST/STM32F1xx/Include -I../Drivers/CMSIS/Include -O0 -ffunction-sections -fdata-sections -Wall -fstack-usage -MMD -MP -MF"Core/Src/stm32f1xx_hal_msp.d" -MT"Core/Src/stm32f1xx_hal_msp.o" --specs=nano.specs -mfloat-abi=soft -mthumb -o "Core/Src/stm32f1xx_hal_msp.o"
arm-none-eabi-gcc "../Core/Src/stm32f1xx_it.c" -mcpu=cortex-m3 -std=gnu11 -g3 -DDEBUG -DUSE_HAL_DRIVER -DSTM32F103x6 -c -I../Core/Inc -I../Drivers/STM32F1xx_HAL_Driver/Inc -I../Drivers/STM32F1xx_HAL_Driver/Inc/Legacy -I../Drivers/CMSIS/Device/ST/STM32F1xx/Include -I../Drivers/CMSIS/Include -O0 -ffunction-sections -fdata-sections -Wall -fstack-usage -MMD -MP -MF"Core/Src/stm32f1xx_it.d" -MT"Core/Src/stm32f1xx_it.o" --specs=nano.specs -mfloat-abi=soft -mthumb -o "Core/Src/stm32f1xx_it.o"
arm-none-eabi-gcc "../Core/Src/syscalls.c" -mcpu=cortex-m3 -std=gnu11 -g3 -DDEBUG -DUSE_HAL_DRIVER -DSTM32F103x6 -c -I../Core/Inc -I../Drivers/STM32F1xx_HAL_Driver/Inc -I../Drivers/STM32F1xx_HAL_Driver/Inc/Legacy -I../Drivers/CMSIS/Device/ST/STM32F1xx/Include -I../Drivers/CMSIS/Include -O0 -ffunction-sections -fdata-sections -Wall -fstack-usage -MMD -MP -MF"Core/Src/syscalls.d" -MT"Core/Src/syscalls.o" --specs=nano.specs -mfloat-abi=soft -mthumb -o "Core/Src/syscalls.o"
arm-none-eabi-gcc "../Core/Src/sysmem.c" -mcpu=cortex-m3 -std=gnu11 -g3 -DDEBUG -DUSE_HAL_DRIVER -DSTM32F103x6 -c -I../Core/Inc -I../Drivers/STM32F1xx_HAL_Driver/Inc -I../Drivers/STM32F1xx_HAL_Driver/Inc/Legacy -I../Drivers/CMSIS/Device/ST/STM32F1xx/Include -I../Drivers/CMSIS/Include -O0 -ffunction-sections -fdata-sections -Wall -fstack-usage -MMD -MP -MF"Core/Src/sysmem.d" -MT"Core/Src/sysmem.o" --specs=nano.specs -mfloat-abi=soft -mthumb -o "Core/Src/sysmem.o"
arm-none-eabi-gcc "../Core/Src/system_stm32f1xx.c" -mcpu=cortex-m3 -std=gnu11 -g3 -DDEBUG -DUSE_HAL_DRIVER -DSTM32F103x6 -c -I../Core/Inc -I../Drivers/STM32F1xx_HAL_Driver/Inc -I../Drivers/STM32F1xx_HAL_Driver/Inc/Legacy -I../Drivers/CMSIS/Device/ST/STM32F1xx/Include -I../Drivers/CMSIS/Include -O0 -ffunction-sections -fdata-sections -Wall -fstack-usage -MMD -MP -MF"Core/Src/system_stm32f1xx.d" -MT"Core/Src/system_stm32f1xx.o" --specs=nano.specs -mfloat-abi=soft -mthumb -o "Core/Src/system_stm32f1xx.o"
../Core/Src/led7_segment.c: In function 'display_SEG':
../Core/Src/led7_segment.c:12:4: warning: implicit declaration of function 'HAL_GPIO_WritePin' [-Wimplicit-function-declaration]
   12 |    HAL_GPIO_WritePin(SEG_0_GPIO_Port, SEG_0_Pin, 0);
      |    ^~~~~~~~~~~~~~~~~
../Core/Src/led7_segment.c:12:22: error: 'SEG_0_GPIO_Port' undeclared (first use in this function)
   12 |    HAL_GPIO_WritePin(SEG_0_GPIO_Port, SEG_0_Pin, 0);
      |                      ^~~~~~~~~~~~~~~
../Core/Src/led7_segment.c:12:22: note: each undeclared identifier is reported only once for each function it appears in
../Core/Src/led7_segment.c:12:39: error: 'SEG_0_Pin' undeclared (first use in this function)
   12 |    HAL_GPIO_WritePin(SEG_0_GPIO_Port, SEG_0_Pin, 0);
      |                                       ^~~~~~~~~
../Core/Src/led7_segment.c:13:22: error: 'SEG_1_GPIO_Port' undeclared (first use in this function)
   13 |    HAL_GPIO_WritePin(SEG_1_GPIO_Port, SEG_1_Pin, 0);
      |                      ^~~~~~~~~~~~~~~
../Core/Src/led7_segment.c:13:39: error: 'SEG_1_Pin' undeclared (first use in this function)
   13 |    HAL_GPIO_WritePin(SEG_1_GPIO_Port, SEG_1_Pin, 0);
      |                                       ^~~~~~~~~
../Core/Src/led7_segment.c:14:22: error: 'SEG_2_GPIO_Port' undeclared (first use in this function)
   14 |    HAL_GPIO_WritePin(SEG_2_GPIO_Port, SEG_2_Pin, 0);
      |                      ^~~~~~~~~~~~~~~
../Core/Src/led7_segment.c:14:39: error: 'SEG_2_Pin' undeclared (first use in this function)
   14 |    HAL_GPIO_WritePin(SEG_2_GPIO_Port, SEG_2_Pin, 0);
      |                                       ^~~~~~~~~
../Core/Src/led7_segment.c:15:22: error: 'SEG_3_GPIO_Port' undeclared (first use in this function)
   15 |    HAL_GPIO_WritePin(SEG_3_GPIO_Port, SEG_3_Pin, 0);
      |                      ^~~~~~~~~~~~~~~
../Core/Src/led7_segment.c:15:39: error: 'SEG_3_Pin' undeclared (first use in this function)
   15 |    HAL_GPIO_WritePin(SEG_3_GPIO_Port, SEG_3_Pin, 0);
      |                                       ^~~~~~~~~
../Core/Src/led7_segment.c:16:22: error: 'SEG_4_GPIO_Port' undeclared (first use in this function)
   16 |    HAL_GPIO_WritePin(SEG_4_GPIO_Port, SEG_4_Pin, 0);
      |                      ^~~~~~~~~~~~~~~
../Core/Src/led7_segment.c:16:39: error: 'SEG_4_Pin' undeclared (first use in this function)
   16 |    HAL_GPIO_WritePin(SEG_4_GPIO_Port, SEG_4_Pin, 0);
      |                                       ^~~~~~~~~
../Core/Src/software_timer.c:13:5: error: redefinition of 'timer2_flag'
   13 | int timer2_flag=0;
      |     ^~~~~~~~~~~
../Core/Src/led7_segment.c:17:22: error: 'SEG_5_GPIO_Port' undeclared (first use in this function)
   17 |    HAL_GPIO_WritePin(SEG_5_GPIO_Port, SEG_5_Pin, 0);
      |                      ^~~~~~~~~~~~~~~
../Core/Src/software_timer.c:11:5: note: previous definition of 'timer2_flag' was here
   11 | int timer2_flag=0;
      |     ^~~~~~~~~~~
../Core/Src/software_timer.c:14:5: error: redefinition of 'timer2_counter'
   14 | int timer2_counter=0;
      |     ^~~~~~~~~~~~~~
../Core/Src/software_timer.c:12:5: note: previous definition of 'timer2_counter' was here
   12 | int timer2_counter=0;
      |     ^~~~~~~~~~~~~~
../Core/Src/led7_segment.c:17:39: error: 'SEG_5_Pin' undeclared (first use in this function)
   17 |    HAL_GPIO_WritePin(SEG_5_GPIO_Port, SEG_5_Pin, 0);
      |                                       ^~~~~~~~~
../Core/Src/led7_segment.c:18:22: error: 'SEG_6_GPIO_Port' undeclared (first use in this function)
   18 |    HAL_GPIO_WritePin(SEG_6_GPIO_Port, SEG_6_Pin, 1);
      |                      ^~~~~~~~~~~~~~~
../Core/Src/led7_segment.c:18:39: error: 'SEG_6_Pin' undeclared (first use in this function)
   18 |    HAL_GPIO_WritePin(SEG_6_GPIO_Port, SEG_6_Pin, 1);
      |                                       ^~~~~~~~~
../Core/Src/led7_segment.c: In function 'display_LED':
../Core/Src/led7_segment.c:108:22: error: 'LED_0_GPIO_Port' undeclared (first use in this function)
  108 |    HAL_GPIO_WritePin(LED_0_GPIO_Port, LED_0_Pin, 0);
      |                      ^~~~~~~~~~~~~~~
../Core/Src/led7_segment.c:108:39: error: 'LED_0_Pin' undeclared (first use in this function)
  108 |    HAL_GPIO_WritePin(LED_0_GPIO_Port, LED_0_Pin, 0);
      |                                       ^~~~~~~~~
../Core/Src/led7_segment.c:109:22: error: 'LED_1_GPIO_Port' undeclared (first use in this function)
  109 |    HAL_GPIO_WritePin(LED_1_GPIO_Port, LED_1_Pin, 0);
      |                      ^~~~~~~~~~~~~~~
../Core/Src/led7_segment.c:109:39: error: 'LED_1_Pin' undeclared (first use in this function)
  109 |    HAL_GPIO_WritePin(LED_1_GPIO_Port, LED_1_Pin, 0);
      |                                       ^~~~~~~~~
../Core/Src/led7_segment.c:110:22: error: 'LED_2_GPIO_Port' undeclared (first use in this function)
  110 |    HAL_GPIO_WritePin(LED_2_GPIO_Port, LED_2_Pin, 0);
      |                      ^~~~~~~~~~~~~~~
../Core/Src/led7_segment.c:110:39: error: 'LED_2_Pin' undeclared (first use in this function)
  110 |    HAL_GPIO_WritePin(LED_2_GPIO_Port, LED_2_Pin, 0);
      |                                       ^~~~~~~~~
../Core/Src/led7_segment.c:111:22: error: 'LED_3_GPIO_Port' undeclared (first use in this function)
  111 |    HAL_GPIO_WritePin(LED_3_GPIO_Port, LED_3_Pin, 0);
      |                      ^~~~~~~~~~~~~~~
../Core/Src/led7_segment.c:111:39: error: 'LED_3_Pin' undeclared (first use in this function)
  111 |    HAL_GPIO_WritePin(LED_3_GPIO_Port, LED_3_Pin, 0);
      |                                       ^~~~~~~~~
../Core/Src/led7_segment.c:112:22: error: 'LED_4_GPIO_Port' undeclared (first use in this function)
  112 |    HAL_GPIO_WritePin(LED_4_GPIO_Port, LED_4_Pin, 0);
      |                      ^~~~~~~~~~~~~~~
../Core/Src/led7_segment.c:112:39: error: 'LED_4_Pin' undeclared (first use in this function)
  112 |    HAL_GPIO_WritePin(LED_4_GPIO_Port, LED_4_Pin, 0);
      |                                       ^~~~~~~~~
../Core/Src/led7_segment.c:113:22: error: 'LED_5_GPIO_Port' undeclared (first use in this function)
  113 |    HAL_GPIO_WritePin(LED_5_GPIO_Port, LED_5_Pin, 0);
      |                      ^~~~~~~~~~~~~~~
../Core/Src/led7_segment.c:113:39: error: 'LED_5_Pin' undeclared (first use in this function)
  113 |    HAL_GPIO_WritePin(LED_5_GPIO_Port, LED_5_Pin, 0);
      |                                       ^~~~~~~~~
make: *** [Core/Src/subdir.mk:46: Core/Src/software_timer.o] Error 1
make: *** Waiting for unfinished jobs....
../Core/Src/led7_segment.c:114:22: error: 'LED_6_GPIO_Port' undeclared (first use in this function)
  114 |    HAL_GPIO_WritePin(LED_6_GPIO_Port, LED_6_Pin, 1);
      |                      ^~~~~~~~~~~~~~~
../Core/Src/led7_segment.c:114:39: error: 'LED_6_Pin' undeclared (first use in this function)
  114 |    HAL_GPIO_WritePin(LED_6_GPIO_Port, LED_6_Pin, 1);
      |                                       ^~~~~~~~~
../Core/Src/led7_segment.c: In function 'update7SEG':
../Core/Src/led7_segment.c:205:21: error: 'EN_SEG_0_GPIO_Port' undeclared (first use in this function)
  205 |   HAL_GPIO_WritePin(EN_SEG_0_GPIO_Port, EN_SEG_0_Pin, RESET);
      |                     ^~~~~~~~~~~~~~~~~~
../Core/Src/led7_segment.c:205:41: error: 'EN_SEG_0_Pin' undeclared (first use in this function)
  205 |   HAL_GPIO_WritePin(EN_SEG_0_GPIO_Port, EN_SEG_0_Pin, RESET);
      |                                         ^~~~~~~~~~~~
../Core/Src/led7_segment.c:205:55: error: 'RESET' undeclared (first use in this function)
  205 |   HAL_GPIO_WritePin(EN_SEG_0_GPIO_Port, EN_SEG_0_Pin, RESET);
      |                                                       ^~~~~
../Core/Src/led7_segment.c:206:21: error: 'EN_SEG_1_GPIO_Port' undeclared (first use in this function)
  206 |   HAL_GPIO_WritePin(EN_SEG_1_GPIO_Port, EN_SEG_1_Pin, SET);
      |                     ^~~~~~~~~~~~~~~~~~
../Core/Src/led7_segment.c:206:41: error: 'EN_SEG_1_Pin' undeclared (first use in this function)
  206 |   HAL_GPIO_WritePin(EN_SEG_1_GPIO_Port, EN_SEG_1_Pin, SET);
      |                                         ^~~~~~~~~~~~
../Core/Src/led7_segment.c:206:55: error: 'SET' undeclared (first use in this function)
  206 |   HAL_GPIO_WritePin(EN_SEG_1_GPIO_Port, EN_SEG_1_Pin, SET);
      |                                                       ^~~
In file included from ../Core/Inc/button.h:11,
                 from ../Core/Src/button.c:9:
../Core/Inc/global.h:17:25: error: expected ']' before ';' token
   17 | #define NUM_OF_BUTTONS 3;
      |                         ^
../Core/Inc/button.h:15:24: note: in expansion of macro 'NUM_OF_BUTTONS'
   15 | extern int button_flag[NUM_OF_BUTTONS];
      |                        ^~~~~~~~~~~~~~
../Core/Inc/global.h:17:25: error: expected ']' before ';' token
   17 | #define NUM_OF_BUTTONS 3;
      |                         ^
../Core/Src/button.c:11:25: note: in expansion of macro 'NUM_OF_BUTTONS'
   11 | static int buttonBuffer[NUM_OF_BUTTONS] = { BUTTON_IS_RELEASED };
      |                         ^~~~~~~~~~~~~~
../Core/Src/led7_segment.c: In function 'update7LED':
../Core/Src/led7_segment.c:224:21: error: 'EN_LED_0_GPIO_Port' undeclared (first use in this function)
  224 |   HAL_GPIO_WritePin(EN_LED_0_GPIO_Port, EN_LED_0_Pin, RESET);
      |                     ^~~~~~~~~~~~~~~~~~
../Core/Inc/global.h:17:25: error: expected ']' before ';' token
   17 | #define NUM_OF_BUTTONS 3;
      |                         ^
../Core/Src/button.c:12:34: note: in expansion of macro 'NUM_OF_BUTTONS'
   12 | static int debounceButtonBuffer1[NUM_OF_BUTTONS] = { BUTTON_IS_RELEASED };
      |                                  ^~~~~~~~~~~~~~
../Core/Src/led7_segment.c:224:41: error: 'EN_LED_0_Pin' undeclared (first use in this function)
  224 |   HAL_GPIO_WritePin(EN_LED_0_GPIO_Port, EN_LED_0_Pin, RESET);
      |                                         ^~~~~~~~~~~~
../Core/Inc/global.h:17:25: error: expected ']' before ';' token
   17 | #define NUM_OF_BUTTONS 3;
      |                         ^
../Core/Src/button.c:13:34: note: in expansion of macro 'NUM_OF_BUTTONS'
   13 | static int debounceButtonBuffer2[NUM_OF_BUTTONS] = { BUTTON_IS_RELEASED };
      |                                  ^~~~~~~~~~~~~~
../Core/Src/led7_segment.c:224:55: error: 'RESET' undeclared (first use in this function)
  224 |   HAL_GPIO_WritePin(EN_LED_0_GPIO_Port, EN_LED_0_Pin, RESET);
      |                                                       ^~~~~
../Core/Inc/global.h:17:25: error: expected ']' before ';' token
   17 | #define NUM_OF_BUTTONS 3;
      |                         ^
../Core/Src/button.c:14:34: note: in expansion of macro 'NUM_OF_BUTTONS'
   14 | static int longPressButtonBuffer[NUM_OF_BUTTONS] = { BUTTON_IS_RELEASED };
      |                                  ^~~~~~~~~~~~~~
../Core/Inc/global.h:17:25: error: expected ']' before ';' token
   17 | #define NUM_OF_BUTTONS 3;
      |                         ^
../Core/Src/button.c:16:17: note: in expansion of macro 'NUM_OF_BUTTONS'
   16 | int button_flag[NUM_OF_BUTTONS];
      |                 ^~~~~~~~~~~~~~
../Core/Src/led7_segment.c:225:21: error: 'EN_VAL_1_GPIO_Port' undeclared (first use in this function)
  225 |   HAL_GPIO_WritePin(EN_VAL_1_GPIO_Port, EN_VAL_1_Pin, SET);
      |                     ^~~~~~~~~~~~~~~~~~
../Core/Inc/global.h:17:25: error: expected ']' before ';' token
   17 | #define NUM_OF_BUTTONS 3;
      |                         ^
../Core/Src/button.c:17:24: note: in expansion of macro 'NUM_OF_BUTTONS'
   17 | int TimeOutForKeyPress[NUM_OF_BUTTONS];
      |                        ^~~~~~~~~~~~~~
../Core/Src/led7_segment.c:225:41: error: 'EN_VAL_1_Pin' undeclared (first use in this function)
  225 |   HAL_GPIO_WritePin(EN_VAL_1_GPIO_Port, EN_VAL_1_Pin, SET);
      |                                         ^~~~~~~~~~~~
../Core/Src/led7_segment.c:225:55: error: 'SET' undeclared (first use in this function)
  225 |   HAL_GPIO_WritePin(EN_VAL_1_GPIO_Port, EN_VAL_1_Pin, SET);
      |                                                       ^~~
../Core/Src/button.c: In function 'clearAllButtons':
../Core/Src/button.c:20:36: error: expected expression before ';' token
   20 |  for (int i = 0; i < NUM_OF_BUTTONS; i++) {
      |                                    ^
../Core/Src/led7_segment.c:231:21: error: 'EN_LED_1_GPIO_Port' undeclared (first use in this function)
  231 |   HAL_GPIO_WritePin(EN_LED_1_GPIO_Port, EN_LED_1_Pin, RESET);
      |                     ^~~~~~~~~~~~~~~~~~
../Core/Src/led7_segment.c:231:41: error: 'EN_LED_1_Pin' undeclared (first use in this function)
  231 |   HAL_GPIO_WritePin(EN_LED_1_GPIO_Port, EN_LED_1_Pin, RESET);
      |                                         ^~~~~~~~~~~~
../Core/Src/led7_segment.c: In function 'segRun1':
../Core/Src/led7_segment.c:239:16: error: 'ledModeData' undeclared (first use in this function)
  239 |  update7SEG(0, ledModeData);
      |                ^~~~~~~~~~~
../Core/Src/led7_segment.c:240:16: error: 'ledValueData' undeclared (first use in this function)
  240 |  update7LED(0, ledValueData);
      |                ^~~~~~~~~~~~
../Core/Src/led7_segment.c: In function 'segRun2':
../Core/Src/led7_segment.c:244:16: error: 'ledModeData' undeclared (first use in this function)
  244 |  update7SEG(1, ledModeData);
      |                ^~~~~~~~~~~
../Core/Src/led7_segment.c:245:16: error: 'ledValueData' undeclared (first use in this function)
  245 |  update7LED(1, ledValueData);
      |                ^~~~~~~~~~~~
../Core/Src/button.c:21:3: error: 'debounceButtonBuffer1' undeclared (first use in this function)
   21 |   debounceButtonBuffer1[i] = BUTTON_IS_RELEASED;
      |   ^~~~~~~~~~~~~~~~~~~~~
../Core/Src/button.c:21:3: note: each undeclared identifier is reported only once for each function it appears in
../Core/Src/button.c:22:3: error: 'debounceButtonBuffer2' undeclared (first use in this function)
   22 |   debounceButtonBuffer2[i] = BUTTON_IS_RELEASED;
      |   ^~~~~~~~~~~~~~~~~~~~~
../Core/Src/button.c:23:3: error: 'buttonBuffer' undeclared (first use in this function)
   23 |   buttonBuffer[i] = BUTTON_IS_RELEASED;
      |   ^~~~~~~~~~~~
In file included from ../Core/Inc/button.h:11,
                 from ../Core/Src/button.c:9:
../Core/Inc/global.h:18:31: error: expected ')' before ';' token
   18 | #define BUTTON_IS_RELEASED SET;
      |                               ^
../Core/Src/button.c:25:54: note: in expansion of macro 'BUTTON_IS_RELEASED'
   25 |  HAL_GPIO_WritePin(BUTTON_1_GPIO_Port, BUTTON_1_Pin, BUTTON_IS_RELEASED);
      |                                                      ^~~~~~~~~~~~~~~~~~
../Core/Inc/global.h:18:31: error: expected ')' before ';' token
   18 | #define BUTTON_IS_RELEASED SET;
      |                               ^
../Core/Src/button.c:26:54: note: in expansion of macro 'BUTTON_IS_RELEASED'
   26 |  HAL_GPIO_WritePin(BUTTON_2_GPIO_Port, BUTTON_2_Pin, BUTTON_IS_RELEASED);
      |                                                      ^~~~~~~~~~~~~~~~~~
../Core/Inc/global.h:18:31: error: expected ')' before ';' token
   18 | #define BUTTON_IS_RELEASED SET;
      |                               ^
../Core/Src/button.c:27:54: note: in expansion of macro 'BUTTON_IS_RELEASED'
   27 |  HAL_GPIO_WritePin(BUTTON_3_GPIO_Port, BUTTON_3_Pin, BUTTON_IS_RELEASED);
      |                                                      ^~~~~~~~~~~~~~~~~~
../Core/Src/button.c: In function 'isButtonPressed':
../Core/Src/button.c:31:6: error: 'button_flag' undeclared (first use in this function)
   31 |  if (button_flag[index] == 1) {
      |      ^~~~~~~~~~~
../Core/Src/button.c: In function 'subKeyProcess':
../Core/Src/button.c:39:2: error: 'button_flag' undeclared (first use in this function)
   39 |  button_flag[index] = 1;
      |  ^~~~~~~~~~~
../Core/Src/button.c: In function 'getKeyInput':
../Core/Src/button.c:43:36: error: expected expression before ';' token
   43 |  for (int i = 0; i < NUM_OF_BUTTONS; i++) {
      |                                    ^
make: *** [Core/Src/subdir.mk:46: Core/Src/led7_segment.o] Error 1
../Core/Src/button.c:44:3: error: 'debounceButtonBuffer1' undeclared (first use in this function)
   44 |   debounceButtonBuffer1[i] = debounceButtonBuffer2[i];
      |   ^~~~~~~~~~~~~~~~~~~~~
../Core/Src/button.c:44:30: error: 'debounceButtonBuffer2' undeclared (first use in this function)
   44 |   debounceButtonBuffer1[i] = debounceButtonBuffer2[i];
      |                              ^~~~~~~~~~~~~~~~~~~~~
../Core/Src/button.c:45:30: error: 'buttonBuffer' undeclared (first use in this function)
   45 |   debounceButtonBuffer2[i] = buttonBuffer[i];
      |                              ^~~~~~~~~~~~
../Core/Src/button.c:61:27: error: 'longPressButtonBuffer' undeclared (first use in this function)
   61 |    if (buttonBuffer[i] != longPressButtonBuffer[i]) {
      |                           ^~~~~~~~~~~~~~~~~~~~~
../Core/Src/button.c:64:28: error: 'PRESSED_STATE' undeclared (first use in this function)
   64 |     if (buttonBuffer[i] == PRESSED_STATE) {
      |                            ^~~~~~~~~~~~~
../Core/Src/button.c:65:6: error: 'TimeOutForKeyPress' undeclared (first use in this function)
   65 |      TimeOutForKeyPress[i] = TIME_OUT_FOR_KEY_PRESS;
      |      ^~~~~~~~~~~~~~~~~~
make: *** [Core/Src/subdir.mk:46: Core/Src/button.o] Error 1
"make -j16 all" terminated with exit code 2. Build might be incomplete.
14:06:45 **** Incremental Build of configuration Debug for project STM32_Lab3 ****
make -j16 all 
arm-none-eabi-gcc "../Core/Src/button.c" -mcpu=cortex-m3 -std=gnu11 -g3 -DDEBUG -DUSE_HAL_DRIVER -DSTM32F103x6 -c -I../Core/Inc -I../Drivers/STM32F1xx_HAL_Driver/Inc -I../Drivers/STM32F1xx_HAL_Driver/Inc/Legacy -I../Drivers/CMSIS/Device/ST/STM32F1xx/Include -I../Drivers/CMSIS/Include -O0 -ffunction-sections -fdata-sections -Wall -fstack-usage -MMD -MP -MF"Core/Src/button.d" -MT"Core/Src/button.o" --specs=nano.specs -mfloat-abi=soft -mthumb -o "Core/Src/button.o"
arm-none-eabi-gcc "../Core/Src/led7_segment.c" -mcpu=cortex-m3 -std=gnu11 -g3 -DDEBUG -DUSE_HAL_DRIVER -DSTM32F103x6 -c -I../Core/Inc -I../Drivers/STM32F1xx_HAL_Driver/Inc -I../Drivers/STM32F1xx_HAL_Driver/Inc/Legacy -I../Drivers/CMSIS/Device/ST/STM32F1xx/Include -I../Drivers/CMSIS/Include -O0 -ffunction-sections -fdata-sections -Wall -fstack-usage -MMD -MP -MF"Core/Src/led7_segment.d" -MT"Core/Src/led7_segment.o" --specs=nano.specs -mfloat-abi=soft -mthumb -o "Core/Src/led7_segment.o"
arm-none-eabi-gcc "../Core/Src/software_timer.c" -mcpu=cortex-m3 -std=gnu11 -g3 -DDEBUG -DUSE_HAL_DRIVER -DSTM32F103x6 -c -I../Core/Inc -I../Drivers/STM32F1xx_HAL_Driver/Inc -I../Drivers/STM32F1xx_HAL_Driver/Inc/Legacy -I../Drivers/CMSIS/Device/ST/STM32F1xx/Include -I../Drivers/CMSIS/Include -O0 -ffunction-sections -fdata-sections -Wall -fstack-usage -MMD -MP -MF"Core/Src/software_timer.d" -MT"Core/Src/software_timer.o" --specs=nano.specs -mfloat-abi=soft -mthumb -o "Core/Src/software_timer.o"
../Core/Src/led7_segment.c: In function 'display_SEG':
../Core/Src/led7_segment.c:12:4: warning: implicit declaration of function 'HAL_GPIO_WritePin' [-Wimplicit-function-declaration]
   12 |    HAL_GPIO_WritePin(SEG_0_GPIO_Port, SEG_0_Pin, 0);
      |    ^~~~~~~~~~~~~~~~~
../Core/Src/led7_segment.c:12:22: error: 'SEG_0_GPIO_Port' undeclared (first use in this function)
   12 |    HAL_GPIO_WritePin(SEG_0_GPIO_Port, SEG_0_Pin, 0);
      |                      ^~~~~~~~~~~~~~~
../Core/Src/led7_segment.c:12:22: note: each undeclared identifier is reported only once for each function it appears in
../Core/Src/led7_segment.c:12:39: error: 'SEG_0_Pin' undeclared (first use in this function)
   12 |    HAL_GPIO_WritePin(SEG_0_GPIO_Port, SEG_0_Pin, 0);
      |                                       ^~~~~~~~~
../Core/Src/led7_segment.c:13:22: error: 'SEG_1_GPIO_Port' undeclared (first use in this function)
   13 |    HAL_GPIO_WritePin(SEG_1_GPIO_Port, SEG_1_Pin, 0);
      |                      ^~~~~~~~~~~~~~~
../Core/Src/led7_segment.c:13:39: error: 'SEG_1_Pin' undeclared (first use in this function)
   13 |    HAL_GPIO_WritePin(SEG_1_GPIO_Port, SEG_1_Pin, 0);
      |                                       ^~~~~~~~~
../Core/Src/led7_segment.c:14:22: error: 'SEG_2_GPIO_Port' undeclared (first use in this function)
   14 |    HAL_GPIO_WritePin(SEG_2_GPIO_Port, SEG_2_Pin, 0);
      |                      ^~~~~~~~~~~~~~~
../Core/Src/led7_segment.c:14:39: error: 'SEG_2_Pin' undeclared (first use in this function)
   14 |    HAL_GPIO_WritePin(SEG_2_GPIO_Port, SEG_2_Pin, 0);
      |                                       ^~~~~~~~~
../Core/Src/led7_segment.c:15:22: error: 'SEG_3_GPIO_Port' undeclared (first use in this function)
   15 |    HAL_GPIO_WritePin(SEG_3_GPIO_Port, SEG_3_Pin, 0);
      |                      ^~~~~~~~~~~~~~~
../Core/Src/software_timer.c:13:5: error: redefinition of 'timer2_flag'
   13 | int timer2_flag=0;
      |     ^~~~~~~~~~~
../Core/Src/software_timer.c:11:5: note: previous definition of 'timer2_flag' was here
   11 | int timer2_flag=0;
      |     ^~~~~~~~~~~
../Core/Src/software_timer.c:14:5: error: redefinition of 'timer2_counter'
   14 | int timer2_counter=0;
      |     ^~~~~~~~~~~~~~
../Core/Src/software_timer.c:12:5: note: previous definition of 'timer2_counter' was here
   12 | int timer2_counter=0;
      |     ^~~~~~~~~~~~~~
../Core/Src/led7_segment.c:15:39: error: 'SEG_3_Pin' undeclared (first use in this function)
   15 |    HAL_GPIO_WritePin(SEG_3_GPIO_Port, SEG_3_Pin, 0);
      |                                       ^~~~~~~~~
../Core/Src/led7_segment.c:16:22: error: 'SEG_4_GPIO_Port' undeclared (first use in this function)
   16 |    HAL_GPIO_WritePin(SEG_4_GPIO_Port, SEG_4_Pin, 0);
      |                      ^~~~~~~~~~~~~~~
../Core/Src/led7_segment.c:16:39: error: 'SEG_4_Pin' undeclared (first use in this function)
   16 |    HAL_GPIO_WritePin(SEG_4_GPIO_Port, SEG_4_Pin, 0);
      |                                       ^~~~~~~~~
../Core/Src/led7_segment.c:17:22: error: 'SEG_5_GPIO_Port' undeclared (first use in this function)
   17 |    HAL_GPIO_WritePin(SEG_5_GPIO_Port, SEG_5_Pin, 0);
      |                      ^~~~~~~~~~~~~~~
../Core/Src/led7_segment.c:17:39: error: 'SEG_5_Pin' undeclared (first use in this function)
   17 |    HAL_GPIO_WritePin(SEG_5_GPIO_Port, SEG_5_Pin, 0);
      |                                       ^~~~~~~~~
../Core/Src/led7_segment.c:18:22: error: 'SEG_6_GPIO_Port' undeclared (first use in this function)
   18 |    HAL_GPIO_WritePin(SEG_6_GPIO_Port, SEG_6_Pin, 1);
      |                      ^~~~~~~~~~~~~~~
../Core/Src/led7_segment.c:18:39: error: 'SEG_6_Pin' undeclared (first use in this function)
   18 |    HAL_GPIO_WritePin(SEG_6_GPIO_Port, SEG_6_Pin, 1);
      |                                       ^~~~~~~~~
../Core/Src/led7_segment.c: In function 'display_LED':
../Core/Src/led7_segment.c:108:22: error: 'LED_0_GPIO_Port' undeclared (first use in this function)
  108 |    HAL_GPIO_WritePin(LED_0_GPIO_Port, LED_0_Pin, 0);
      |                      ^~~~~~~~~~~~~~~
../Core/Src/led7_segment.c:108:39: error: 'LED_0_Pin' undeclared (first use in this function)
  108 |    HAL_GPIO_WritePin(LED_0_GPIO_Port, LED_0_Pin, 0);
      |                                       ^~~~~~~~~
../Core/Src/led7_segment.c:109:22: error: 'LED_1_GPIO_Port' undeclared (first use in this function)
  109 |    HAL_GPIO_WritePin(LED_1_GPIO_Port, LED_1_Pin, 0);
      |                      ^~~~~~~~~~~~~~~
../Core/Src/led7_segment.c:109:39: error: 'LED_1_Pin' undeclared (first use in this function)
  109 |    HAL_GPIO_WritePin(LED_1_GPIO_Port, LED_1_Pin, 0);
      |                                       ^~~~~~~~~
../Core/Src/led7_segment.c:110:22: error: 'LED_2_GPIO_Port' undeclared (first use in this function)
  110 |    HAL_GPIO_WritePin(LED_2_GPIO_Port, LED_2_Pin, 0);
      |                      ^~~~~~~~~~~~~~~
make: *** [Core/Src/subdir.mk:46: Core/Src/software_timer.o] Error 1
make: *** Waiting for unfinished jobs....
../Core/Src/led7_segment.c:110:39: error: 'LED_2_Pin' undeclared (first use in this function)
  110 |    HAL_GPIO_WritePin(LED_2_GPIO_Port, LED_2_Pin, 0);
      |                                       ^~~~~~~~~
../Core/Src/led7_segment.c:111:22: error: 'LED_3_GPIO_Port' undeclared (first use in this function)
  111 |    HAL_GPIO_WritePin(LED_3_GPIO_Port, LED_3_Pin, 0);
      |                      ^~~~~~~~~~~~~~~
../Core/Src/led7_segment.c:111:39: error: 'LED_3_Pin' undeclared (first use in this function)
  111 |    HAL_GPIO_WritePin(LED_3_GPIO_Port, LED_3_Pin, 0);
      |                                       ^~~~~~~~~
../Core/Src/led7_segment.c:112:22: error: 'LED_4_GPIO_Port' undeclared (first use in this function)
  112 |    HAL_GPIO_WritePin(LED_4_GPIO_Port, LED_4_Pin, 0);
      |                      ^~~~~~~~~~~~~~~
../Core/Src/led7_segment.c:112:39: error: 'LED_4_Pin' undeclared (first use in this function)
  112 |    HAL_GPIO_WritePin(LED_4_GPIO_Port, LED_4_Pin, 0);
      |                                       ^~~~~~~~~
../Core/Src/led7_segment.c:113:22: error: 'LED_5_GPIO_Port' undeclared (first use in this function)
  113 |    HAL_GPIO_WritePin(LED_5_GPIO_Port, LED_5_Pin, 0);
      |                      ^~~~~~~~~~~~~~~
../Core/Src/led7_segment.c:113:39: error: 'LED_5_Pin' undeclared (first use in this function)
  113 |    HAL_GPIO_WritePin(LED_5_GPIO_Port, LED_5_Pin, 0);
      |                                       ^~~~~~~~~
../Core/Src/led7_segment.c:114:22: error: 'LED_6_GPIO_Port' undeclared (first use in this function)
  114 |    HAL_GPIO_WritePin(LED_6_GPIO_Port, LED_6_Pin, 1);
      |                      ^~~~~~~~~~~~~~~
../Core/Src/led7_segment.c:114:39: error: 'LED_6_Pin' undeclared (first use in this function)
  114 |    HAL_GPIO_WritePin(LED_6_GPIO_Port, LED_6_Pin, 1);
      |                                       ^~~~~~~~~
../Core/Src/led7_segment.c: In function 'update7SEG':
../Core/Src/led7_segment.c:205:21: error: 'EN_SEG_0_GPIO_Port' undeclared (first use in this function)
  205 |   HAL_GPIO_WritePin(EN_SEG_0_GPIO_Port, EN_SEG_0_Pin, RESET);
      |                     ^~~~~~~~~~~~~~~~~~
../Core/Src/led7_segment.c:205:41: error: 'EN_SEG_0_Pin' undeclared (first use in this function)
  205 |   HAL_GPIO_WritePin(EN_SEG_0_GPIO_Port, EN_SEG_0_Pin, RESET);
      |                                         ^~~~~~~~~~~~
../Core/Src/led7_segment.c:205:55: error: 'RESET' undeclared (first use in this function)
  205 |   HAL_GPIO_WritePin(EN_SEG_0_GPIO_Port, EN_SEG_0_Pin, RESET);
      |                                                       ^~~~~
In file included from ../Core/Inc/button.h:11,
                 from ../Core/Src/button.c:9:
../Core/Inc/global.h:17:25: error: expected ']' before ';' token
   17 | #define NUM_OF_BUTTONS 3;
      |                         ^
../Core/Inc/button.h:15:24: note: in expansion of macro 'NUM_OF_BUTTONS'
   15 | extern int button_flag[NUM_OF_BUTTONS];
      |                        ^~~~~~~~~~~~~~
../Core/Src/led7_segment.c:206:21: error: 'EN_SEG_1_GPIO_Port' undeclared (first use in this function)
  206 |   HAL_GPIO_WritePin(EN_SEG_1_GPIO_Port, EN_SEG_1_Pin, SET);
      |                     ^~~~~~~~~~~~~~~~~~
../Core/Src/led7_segment.c:206:41: error: 'EN_SEG_1_Pin' undeclared (first use in this function)
  206 |   HAL_GPIO_WritePin(EN_SEG_1_GPIO_Port, EN_SEG_1_Pin, SET);
      |                                         ^~~~~~~~~~~~
../Core/Inc/global.h:17:25: error: expected ']' before ';' token
   17 | #define NUM_OF_BUTTONS 3;
      |                         ^
../Core/Src/button.c:11:25: note: in expansion of macro 'NUM_OF_BUTTONS'
   11 | static int buttonBuffer[NUM_OF_BUTTONS] = { BUTTON_IS_RELEASED };
      |                         ^~~~~~~~~~~~~~
../Core/Inc/global.h:17:25: error: expected ']' before ';' token
   17 | #define NUM_OF_BUTTONS 3;
      |                         ^
../Core/Src/button.c:12:34: note: in expansion of macro 'NUM_OF_BUTTONS'
   12 | static int debounceButtonBuffer1[NUM_OF_BUTTONS] = { BUTTON_IS_RELEASED };
      |                                  ^~~~~~~~~~~~~~
../Core/Inc/global.h:17:25: error: expected ']' before ';' token
   17 | #define NUM_OF_BUTTONS 3;
      |                         ^
../Core/Src/button.c:13:34: note: in expansion of macro 'NUM_OF_BUTTONS'
   13 | static int debounceButtonBuffer2[NUM_OF_BUTTONS] = { BUTTON_IS_RELEASED };
      |                                  ^~~~~~~~~~~~~~
../Core/Inc/global.h:17:25: error: expected ']' before ';' token
   17 | #define NUM_OF_BUTTONS 3;
      |                         ^
../Core/Src/button.c:14:34: note: in expansion of macro 'NUM_OF_BUTTONS'
   14 | static int longPressButtonBuffer[NUM_OF_BUTTONS] = { BUTTON_IS_RELEASED };
      |                                  ^~~~~~~~~~~~~~
../Core/Inc/global.h:17:25: error: expected ']' before ';' token
   17 | #define NUM_OF_BUTTONS 3;
      |                         ^
../Core/Src/button.c:16:17: note: in expansion of macro 'NUM_OF_BUTTONS'
   16 | int button_flag[NUM_OF_BUTTONS];
      |                 ^~~~~~~~~~~~~~
../Core/Inc/global.h:17:25: error: expected ']' before ';' token
   17 | #define NUM_OF_BUTTONS 3;
      |                         ^
../Core/Src/button.c:17:24: note: in expansion of macro 'NUM_OF_BUTTONS'
   17 | int TimeOutForKeyPress[NUM_OF_BUTTONS];
      |                        ^~~~~~~~~~~~~~
../Core/Src/led7_segment.c:206:55: error: 'SET' undeclared (first use in this function)
  206 |   HAL_GPIO_WritePin(EN_SEG_1_GPIO_Port, EN_SEG_1_Pin, SET);
      |                                                       ^~~
../Core/Src/button.c: In function 'clearAllButtons':
../Core/Src/button.c:20:36: error: expected expression before ';' token
   20 |  for (int i = 0; i < NUM_OF_BUTTONS; i++) {
      |                                    ^
../Core/Src/led7_segment.c: In function 'update7LED':
../Core/Src/led7_segment.c:224:21: error: 'EN_LED_0_GPIO_Port' undeclared (first use in this function)
  224 |   HAL_GPIO_WritePin(EN_LED_0_GPIO_Port, EN_LED_0_Pin, RESET);
      |                     ^~~~~~~~~~~~~~~~~~
../Core/Src/led7_segment.c:224:41: error: 'EN_LED_0_Pin' undeclared (first use in this function)
  224 |   HAL_GPIO_WritePin(EN_LED_0_GPIO_Port, EN_LED_0_Pin, RESET);
      |                                         ^~~~~~~~~~~~
../Core/Src/led7_segment.c:224:55: error: 'RESET' undeclared (first use in this function)
  224 |   HAL_GPIO_WritePin(EN_LED_0_GPIO_Port, EN_LED_0_Pin, RESET);
      |                                                       ^~~~~
../Core/Src/led7_segment.c:225:21: error: 'EN_VAL_1_GPIO_Port' undeclared (first use in this function)
  225 |   HAL_GPIO_WritePin(EN_VAL_1_GPIO_Port, EN_VAL_1_Pin, SET);
      |                     ^~~~~~~~~~~~~~~~~~
../Core/Src/led7_segment.c:225:41: error: 'EN_VAL_1_Pin' undeclared (first use in this function)
  225 |   HAL_GPIO_WritePin(EN_VAL_1_GPIO_Port, EN_VAL_1_Pin, SET);
      |                                         ^~~~~~~~~~~~
../Core/Src/led7_segment.c:225:55: error: 'SET' undeclared (first use in this function)
  225 |   HAL_GPIO_WritePin(EN_VAL_1_GPIO_Port, EN_VAL_1_Pin, SET);
      |                                                       ^~~
../Core/Src/led7_segment.c:231:21: error: 'EN_LED_1_GPIO_Port' undeclared (first use in this function)
  231 |   HAL_GPIO_WritePin(EN_LED_1_GPIO_Port, EN_LED_1_Pin, RESET);
      |                     ^~~~~~~~~~~~~~~~~~
../Core/Src/led7_segment.c:231:41: error: 'EN_LED_1_Pin' undeclared (first use in this function)
  231 |   HAL_GPIO_WritePin(EN_LED_1_GPIO_Port, EN_LED_1_Pin, RESET);
      |                                         ^~~~~~~~~~~~
../Core/Src/led7_segment.c: In function 'segRun1':
../Core/Src/led7_segment.c:239:16: error: 'ledModeData' undeclared (first use in this function)
  239 |  update7SEG(0, ledModeData);
      |                ^~~~~~~~~~~
../Core/Src/led7_segment.c:240:16: error: 'ledValueData' undeclared (first use in this function)
  240 |  update7LED(0, ledValueData);
      |                ^~~~~~~~~~~~
../Core/Src/led7_segment.c: In function 'segRun2':
../Core/Src/led7_segment.c:244:16: error: 'ledModeData' undeclared (first use in this function)
  244 |  update7SEG(1, ledModeData);
      |                ^~~~~~~~~~~
../Core/Src/led7_segment.c:245:16: error: 'ledValueData' undeclared (first use in this function)
  245 |  update7LED(1, ledValueData);
      |                ^~~~~~~~~~~~
../Core/Src/button.c:21:3: error: 'debounceButtonBuffer1' undeclared (first use in this function)
   21 |   debounceButtonBuffer1[i] = BUTTON_IS_RELEASED;
      |   ^~~~~~~~~~~~~~~~~~~~~
../Core/Src/button.c:21:3: note: each undeclared identifier is reported only once for each function it appears in
../Core/Src/button.c:22:3: error: 'debounceButtonBuffer2' undeclared (first use in this function)
   22 |   debounceButtonBuffer2[i] = BUTTON_IS_RELEASED;
      |   ^~~~~~~~~~~~~~~~~~~~~
../Core/Src/button.c:23:3: error: 'buttonBuffer' undeclared (first use in this function)
   23 |   buttonBuffer[i] = BUTTON_IS_RELEASED;
      |   ^~~~~~~~~~~~
In file included from ../Core/Inc/button.h:11,
                 from ../Core/Src/button.c:9:
../Core/Inc/global.h:18:31: error: expected ')' before ';' token
   18 | #define BUTTON_IS_RELEASED SET;
      |                               ^
../Core/Src/button.c:25:54: note: in expansion of macro 'BUTTON_IS_RELEASED'
   25 |  HAL_GPIO_WritePin(BUTTON_1_GPIO_Port, BUTTON_1_Pin, BUTTON_IS_RELEASED);
      |                                                      ^~~~~~~~~~~~~~~~~~
../Core/Inc/global.h:18:31: error: expected ')' before ';' token
   18 | #define BUTTON_IS_RELEASED SET;
      |                               ^
../Core/Src/button.c:26:54: note: in expansion of macro 'BUTTON_IS_RELEASED'
   26 |  HAL_GPIO_WritePin(BUTTON_2_GPIO_Port, BUTTON_2_Pin, BUTTON_IS_RELEASED);
      |                                                      ^~~~~~~~~~~~~~~~~~
../Core/Inc/global.h:18:31: error: expected ')' before ';' token
   18 | #define BUTTON_IS_RELEASED SET;
      |                               ^
../Core/Src/button.c:27:54: note: in expansion of macro 'BUTTON_IS_RELEASED'
   27 |  HAL_GPIO_WritePin(BUTTON_3_GPIO_Port, BUTTON_3_Pin, BUTTON_IS_RELEASED);
      |                                                      ^~~~~~~~~~~~~~~~~~
../Core/Src/button.c: In function 'isButtonPressed':
../Core/Src/button.c:31:6: error: 'button_flag' undeclared (first use in this function)
   31 |  if (button_flag[index] == 1) {
      |      ^~~~~~~~~~~
make: *** [Core/Src/subdir.mk:46: Core/Src/led7_segment.o] Error 1
../Core/Src/button.c: In function 'subKeyProcess':
../Core/Src/button.c:39:2: error: 'button_flag' undeclared (first use in this function)
   39 |  button_flag[index] = 1;
      |  ^~~~~~~~~~~
../Core/Src/button.c: In function 'getKeyInput':
../Core/Src/button.c:43:36: error: expected expression before ';' token
   43 |  for (int i = 0; i < NUM_OF_BUTTONS; i++) {
      |                                    ^
../Core/Src/button.c:44:3: error: 'debounceButtonBuffer1' undeclared (first use in this function)
   44 |   debounceButtonBuffer1[i] = debounceButtonBuffer2[i];
      |   ^~~~~~~~~~~~~~~~~~~~~
../Core/Src/button.c:44:30: error: 'debounceButtonBuffer2' undeclared (first use in this function)
   44 |   debounceButtonBuffer1[i] = debounceButtonBuffer2[i];
      |                              ^~~~~~~~~~~~~~~~~~~~~
../Core/Src/button.c:45:30: error: 'buttonBuffer' undeclared (first use in this function)
   45 |   debounceButtonBuffer2[i] = buttonBuffer[i];
      |                              ^~~~~~~~~~~~
../Core/Src/button.c:61:27: error: 'longPressButtonBuffer' undeclared (first use in this function)
   61 |    if (buttonBuffer[i] != longPressButtonBuffer[i]) {
      |                           ^~~~~~~~~~~~~~~~~~~~~
../Core/Src/button.c:64:28: error: 'PRESSED_STATE' undeclared (first use in this function)
   64 |     if (buttonBuffer[i] == PRESSED_STATE) {
      |                            ^~~~~~~~~~~~~
../Core/Src/button.c:65:6: error: 'TimeOutForKeyPress' undeclared (first use in this function)
   65 |      TimeOutForKeyPress[i] = TIME_OUT_FOR_KEY_PRESS;
      |      ^~~~~~~~~~~~~~~~~~
make: *** [Core/Src/subdir.mk:46: Core/Src/button.o] Error 1
"make -j16 all" terminated with exit code 2. Build might be incomplete.
14:07:00 **** Incremental Build of configuration Debug for project STM32_Lab3 ****
make -j16 all 
arm-none-eabi-gcc "../Core/Src/button.c" -mcpu=cortex-m3 -std=gnu11 -g3 -DDEBUG -DUSE_HAL_DRIVER -DSTM32F103x6 -c -I../Core/Inc -I../Drivers/STM32F1xx_HAL_Driver/Inc -I../Drivers/STM32F1xx_HAL_Driver/Inc/Legacy -I../Drivers/CMSIS/Device/ST/STM32F1xx/Include -I../Drivers/CMSIS/Include -O0 -ffunction-sections -fdata-sections -Wall -fstack-usage -MMD -MP -MF"Core/Src/button.d" -MT"Core/Src/button.o" --specs=nano.specs -mfloat-abi=soft -mthumb -o "Core/Src/button.o"
arm-none-eabi-gcc "../Core/Src/led7_segment.c" -mcpu=cortex-m3 -std=gnu11 -g3 -DDEBUG -DUSE_HAL_DRIVER -DSTM32F103x6 -c -I../Core/Inc -I../Drivers/STM32F1xx_HAL_Driver/Inc -I../Drivers/STM32F1xx_HAL_Driver/Inc/Legacy -I../Drivers/CMSIS/Device/ST/STM32F1xx/Include -I../Drivers/CMSIS/Include -O0 -ffunction-sections -fdata-sections -Wall -fstack-usage -MMD -MP -MF"Core/Src/led7_segment.d" -MT"Core/Src/led7_segment.o" --specs=nano.specs -mfloat-abi=soft -mthumb -o "Core/Src/led7_segment.o"
arm-none-eabi-gcc "../Core/Src/software_timer.c" -mcpu=cortex-m3 -std=gnu11 -g3 -DDEBUG -DUSE_HAL_DRIVER -DSTM32F103x6 -c -I../Core/Inc -I../Drivers/STM32F1xx_HAL_Driver/Inc -I../Drivers/STM32F1xx_HAL_Driver/Inc/Legacy -I../Drivers/CMSIS/Device/ST/STM32F1xx/Include -I../Drivers/CMSIS/Include -O0 -ffunction-sections -fdata-sections -Wall -fstack-usage -MMD -MP -MF"Core/Src/software_timer.d" -MT"Core/Src/software_timer.o" --specs=nano.specs -mfloat-abi=soft -mthumb -o "Core/Src/software_timer.o"
../Core/Src/software_timer.c:13:5: error: redefinition of 'timer2_flag'
   13 | int timer2_flag=0;
      |     ^~~~~~~~~~~
../Core/Src/software_timer.c:11:5: note: previous definition of 'timer2_flag' was here
   11 | int timer2_flag=0;
      |     ^~~~~~~~~~~
../Core/Src/software_timer.c:14:5: error: redefinition of 'timer2_counter'
   14 | int timer2_counter=0;
      |     ^~~~~~~~~~~~~~
../Core/Src/software_timer.c:12:5: note: previous definition of 'timer2_counter' was here
   12 | int timer2_counter=0;
      |     ^~~~~~~~~~~~~~
make: *** [Core/Src/subdir.mk:46: Core/Src/software_timer.o] Error 1
make: *** Waiting for unfinished jobs....
In file included from ../Core/Inc/button.h:11,
                 from ../Core/Src/button.c:9:
../Core/Inc/global.h:17:25: error: expected ']' before ';' token
   17 | #define NUM_OF_BUTTONS 3;
      |                         ^
../Core/Inc/button.h:15:24: note: in expansion of macro 'NUM_OF_BUTTONS'
   15 | extern int button_flag[NUM_OF_BUTTONS];
      |                        ^~~~~~~~~~~~~~
../Core/Inc/global.h:17:25: error: expected ']' before ';' token
   17 | #define NUM_OF_BUTTONS 3;
      |                         ^
../Core/Src/button.c:11:25: note: in expansion of macro 'NUM_OF_BUTTONS'
   11 | static int buttonBuffer[NUM_OF_BUTTONS] = { BUTTON_IS_RELEASED };
      |                         ^~~~~~~~~~~~~~
../Core/Inc/global.h:17:25: error: expected ']' before ';' token
   17 | #define NUM_OF_BUTTONS 3;
      |                         ^
../Core/Src/button.c:12:34: note: in expansion of macro 'NUM_OF_BUTTONS'
   12 | static int debounceButtonBuffer1[NUM_OF_BUTTONS] = { BUTTON_IS_RELEASED };
      |                                  ^~~~~~~~~~~~~~
../Core/Inc/global.h:17:25: error: expected ']' before ';' token
   17 | #define NUM_OF_BUTTONS 3;
      |                         ^
../Core/Src/button.c:13:34: note: in expansion of macro 'NUM_OF_BUTTONS'
   13 | static int debounceButtonBuffer2[NUM_OF_BUTTONS] = { BUTTON_IS_RELEASED };
      |                                  ^~~~~~~~~~~~~~
../Core/Inc/global.h:17:25: error: expected ']' before ';' token
   17 | #define NUM_OF_BUTTONS 3;
      |                         ^
../Core/Src/button.c:14:34: note: in expansion of macro 'NUM_OF_BUTTONS'
   14 | static int longPressButtonBuffer[NUM_OF_BUTTONS] = { BUTTON_IS_RELEASED };
      |                                  ^~~~~~~~~~~~~~
../Core/Inc/global.h:17:25: error: expected ']' before ';' token
   17 | #define NUM_OF_BUTTONS 3;
      |                         ^
../Core/Src/button.c:16:17: note: in expansion of macro 'NUM_OF_BUTTONS'
   16 | int button_flag[NUM_OF_BUTTONS];
      |                 ^~~~~~~~~~~~~~
../Core/Inc/global.h:17:25: error: expected ']' before ';' token
   17 | #define NUM_OF_BUTTONS 3;
      |                         ^
../Core/Src/button.c:17:24: note: in expansion of macro 'NUM_OF_BUTTONS'
   17 | int TimeOutForKeyPress[NUM_OF_BUTTONS];
      |                        ^~~~~~~~~~~~~~
../Core/Src/button.c: In function 'clearAllButtons':
../Core/Src/button.c:20:36: error: expected expression before ';' token
   20 |  for (int i = 0; i < NUM_OF_BUTTONS; i++) {
      |                                    ^
../Core/Src/led7_segment.c: In function 'update7LED':
../Core/Src/led7_segment.c:225:21: error: 'EN_VAL_1_GPIO_Port' undeclared (first use in this function); did you mean 'EN_SEG_1_GPIO_Port'?
  225 |   HAL_GPIO_WritePin(EN_VAL_1_GPIO_Port, EN_VAL_1_Pin, SET);
      |                     ^~~~~~~~~~~~~~~~~~
      |                     EN_SEG_1_GPIO_Port
../Core/Src/led7_segment.c:225:21: note: each undeclared identifier is reported only once for each function it appears in
../Core/Src/led7_segment.c:225:41: error: 'EN_VAL_1_Pin' undeclared (first use in this function); did you mean 'EN_SEG_1_Pin'?
  225 |   HAL_GPIO_WritePin(EN_VAL_1_GPIO_Port, EN_VAL_1_Pin, SET);
      |                                         ^~~~~~~~~~~~
      |                                         EN_SEG_1_Pin
../Core/Src/led7_segment.c: In function 'segRun1':
../Core/Src/led7_segment.c:239:16: error: 'ledModeData' undeclared (first use in this function)
  239 |  update7SEG(0, ledModeData);
      |                ^~~~~~~~~~~
../Core/Src/button.c:21:3: error: 'debounceButtonBuffer1' undeclared (first use in this function)
   21 |   debounceButtonBuffer1[i] = BUTTON_IS_RELEASED;
      |   ^~~~~~~~~~~~~~~~~~~~~
../Core/Src/button.c:21:3: note: each undeclared identifier is reported only once for each function it appears in
../Core/Src/led7_segment.c:240:16: error: 'ledValueData' undeclared (first use in this function)
  240 |  update7LED(0, ledValueData);
      |                ^~~~~~~~~~~~
../Core/Src/led7_segment.c: In function 'segRun2':
../Core/Src/led7_segment.c:244:16: error: 'ledModeData' undeclared (first use in this function)
  244 |  update7SEG(1, ledModeData);
      |                ^~~~~~~~~~~
../Core/Src/button.c:22:3: error: 'debounceButtonBuffer2' undeclared (first use in this function)
   22 |   debounceButtonBuffer2[i] = BUTTON_IS_RELEASED;
      |   ^~~~~~~~~~~~~~~~~~~~~
../Core/Src/led7_segment.c:245:16: error: 'ledValueData' undeclared (first use in this function)
  245 |  update7LED(1, ledValueData);
      |                ^~~~~~~~~~~~
../Core/Src/button.c:23:3: error: 'buttonBuffer' undeclared (first use in this function)
   23 |   buttonBuffer[i] = BUTTON_IS_RELEASED;
      |   ^~~~~~~~~~~~
In file included from ../Core/Inc/button.h:11,
                 from ../Core/Src/button.c:9:
../Core/Inc/global.h:18:31: error: expected ')' before ';' token
   18 | #define BUTTON_IS_RELEASED SET;
      |                               ^
../Core/Src/button.c:25:54: note: in expansion of macro 'BUTTON_IS_RELEASED'
   25 |  HAL_GPIO_WritePin(BUTTON_1_GPIO_Port, BUTTON_1_Pin, BUTTON_IS_RELEASED);
      |                                                      ^~~~~~~~~~~~~~~~~~
../Core/Inc/global.h:18:31: error: expected ')' before ';' token
   18 | #define BUTTON_IS_RELEASED SET;
      |                               ^
../Core/Src/button.c:26:54: note: in expansion of macro 'BUTTON_IS_RELEASED'
   26 |  HAL_GPIO_WritePin(BUTTON_2_GPIO_Port, BUTTON_2_Pin, BUTTON_IS_RELEASED);
      |                                                      ^~~~~~~~~~~~~~~~~~
../Core/Inc/global.h:18:31: error: expected ')' before ';' token
   18 | #define BUTTON_IS_RELEASED SET;
      |                               ^
../Core/Src/button.c:27:54: note: in expansion of macro 'BUTTON_IS_RELEASED'
   27 |  HAL_GPIO_WritePin(BUTTON_3_GPIO_Port, BUTTON_3_Pin, BUTTON_IS_RELEASED);
      |                                                      ^~~~~~~~~~~~~~~~~~
../Core/Src/button.c: In function 'isButtonPressed':
../Core/Src/button.c:31:6: error: 'button_flag' undeclared (first use in this function)
   31 |  if (button_flag[index] == 1) {
      |      ^~~~~~~~~~~
make: *** [Core/Src/subdir.mk:46: Core/Src/led7_segment.o] Error 1
../Core/Src/button.c: In function 'subKeyProcess':
../Core/Src/button.c:39:2: error: 'button_flag' undeclared (first use in this function)
   39 |  button_flag[index] = 1;
      |  ^~~~~~~~~~~
../Core/Src/button.c: In function 'getKeyInput':
../Core/Src/button.c:43:36: error: expected expression before ';' token
   43 |  for (int i = 0; i < NUM_OF_BUTTONS; i++) {
      |                                    ^
../Core/Src/button.c:44:3: error: 'debounceButtonBuffer1' undeclared (first use in this function)
   44 |   debounceButtonBuffer1[i] = debounceButtonBuffer2[i];
      |   ^~~~~~~~~~~~~~~~~~~~~
../Core/Src/button.c:44:30: error: 'debounceButtonBuffer2' undeclared (first use in this function)
   44 |   debounceButtonBuffer1[i] = debounceButtonBuffer2[i];
      |                              ^~~~~~~~~~~~~~~~~~~~~
../Core/Src/button.c:45:30: error: 'buttonBuffer' undeclared (first use in this function)
   45 |   debounceButtonBuffer2[i] = buttonBuffer[i];
      |                              ^~~~~~~~~~~~
../Core/Src/button.c:61:27: error: 'longPressButtonBuffer' undeclared (first use in this function)
   61 |    if (buttonBuffer[i] != longPressButtonBuffer[i]) {
      |                           ^~~~~~~~~~~~~~~~~~~~~
../Core/Src/button.c:64:28: error: 'PRESSED_STATE' undeclared (first use in this function)
   64 |     if (buttonBuffer[i] == PRESSED_STATE) {
      |                            ^~~~~~~~~~~~~
../Core/Src/button.c:65:6: error: 'TimeOutForKeyPress' undeclared (first use in this function)
   65 |      TimeOutForKeyPress[i] = TIME_OUT_FOR_KEY_PRESS;
      |      ^~~~~~~~~~~~~~~~~~
make: *** [Core/Src/subdir.mk:46: Core/Src/button.o] Error 1
"make -j16 all" terminated with exit code 2. Build might be incomplete.
14:07:40 **** Incremental Build of configuration Debug for project STM32_Lab3 ****
make -j16 all 
arm-none-eabi-gcc "../Core/Src/button.c" -mcpu=cortex-m3 -std=gnu11 -g3 -DDEBUG -DUSE_HAL_DRIVER -DSTM32F103x6 -c -I../Core/Inc -I../Drivers/STM32F1xx_HAL_Driver/Inc -I../Drivers/STM32F1xx_HAL_Driver/Inc/Legacy -I../Drivers/CMSIS/Device/ST/STM32F1xx/Include -I../Drivers/CMSIS/Include -O0 -ffunction-sections -fdata-sections -Wall -fstack-usage -MMD -MP -MF"Core/Src/button.d" -MT"Core/Src/button.o" --specs=nano.specs -mfloat-abi=soft -mthumb -o "Core/Src/button.o"
arm-none-eabi-gcc "../Core/Src/led7_segment.c" -mcpu=cortex-m3 -std=gnu11 -g3 -DDEBUG -DUSE_HAL_DRIVER -DSTM32F103x6 -c -I../Core/Inc -I../Drivers/STM32F1xx_HAL_Driver/Inc -I../Drivers/STM32F1xx_HAL_Driver/Inc/Legacy -I../Drivers/CMSIS/Device/ST/STM32F1xx/Include -I../Drivers/CMSIS/Include -O0 -ffunction-sections -fdata-sections -Wall -fstack-usage -MMD -MP -MF"Core/Src/led7_segment.d" -MT"Core/Src/led7_segment.o" --specs=nano.specs -mfloat-abi=soft -mthumb -o "Core/Src/led7_segment.o"
arm-none-eabi-gcc "../Core/Src/software_timer.c" -mcpu=cortex-m3 -std=gnu11 -g3 -DDEBUG -DUSE_HAL_DRIVER -DSTM32F103x6 -c -I../Core/Inc -I../Drivers/STM32F1xx_HAL_Driver/Inc -I../Drivers/STM32F1xx_HAL_Driver/Inc/Legacy -I../Drivers/CMSIS/Device/ST/STM32F1xx/Include -I../Drivers/CMSIS/Include -O0 -ffunction-sections -fdata-sections -Wall -fstack-usage -MMD -MP -MF"Core/Src/software_timer.d" -MT"Core/Src/software_timer.o" --specs=nano.specs -mfloat-abi=soft -mthumb -o "Core/Src/software_timer.o"
In file included from ../Core/Inc/button.h:11,
                 from ../Core/Src/button.c:9:
../Core/Inc/global.h:17:25: error: expected ']' before ';' token
   17 | #define NUM_OF_BUTTONS 3;
      |                         ^
../Core/Inc/button.h:15:24: note: in expansion of macro 'NUM_OF_BUTTONS'
   15 | extern int button_flag[NUM_OF_BUTTONS];
      |                        ^~~~~~~~~~~~~~
../Core/Inc/global.h:17:25: error: expected ']' before ';' token
   17 | #define NUM_OF_BUTTONS 3;
      |                         ^
../Core/Src/button.c:11:25: note: in expansion of macro 'NUM_OF_BUTTONS'
   11 | static int buttonBuffer[NUM_OF_BUTTONS] = { BUTTON_IS_RELEASED };
      |                         ^~~~~~~~~~~~~~
../Core/Inc/global.h:17:25: error: expected ']' before ';' token
   17 | #define NUM_OF_BUTTONS 3;
      |                         ^
../Core/Src/button.c:12:34: note: in expansion of macro 'NUM_OF_BUTTONS'
   12 | static int debounceButtonBuffer1[NUM_OF_BUTTONS] = { BUTTON_IS_RELEASED };
      |                                  ^~~~~~~~~~~~~~
../Core/Inc/global.h:17:25: error: expected ']' before ';' token
   17 | #define NUM_OF_BUTTONS 3;
      |                         ^
../Core/Src/button.c:13:34: note: in expansion of macro 'NUM_OF_BUTTONS'
   13 | static int debounceButtonBuffer2[NUM_OF_BUTTONS] = { BUTTON_IS_RELEASED };
      |                                  ^~~~~~~~~~~~~~
../Core/Inc/global.h:17:25: error: expected ']' before ';' token
   17 | #define NUM_OF_BUTTONS 3;
      |                         ^
../Core/Src/button.c:14:34: note: in expansion of macro 'NUM_OF_BUTTONS'
   14 | static int longPressButtonBuffer[NUM_OF_BUTTONS] = { BUTTON_IS_RELEASED };
      |                                  ^~~~~~~~~~~~~~
../Core/Inc/global.h:17:25: error: expected ']' before ';' token
   17 | #define NUM_OF_BUTTONS 3;
      |                         ^
../Core/Src/button.c:16:17: note: in expansion of macro 'NUM_OF_BUTTONS'
   16 | int button_flag[NUM_OF_BUTTONS];
      |                 ^~~~~~~~~~~~~~
../Core/Inc/global.h:17:25: error: expected ']' before ';' token
   17 | #define NUM_OF_BUTTONS 3;
      |                         ^
../Core/Src/button.c:17:24: note: in expansion of macro 'NUM_OF_BUTTONS'
   17 | int TimeOutForKeyPress[NUM_OF_BUTTONS];
      |                        ^~~~~~~~~~~~~~
../Core/Src/button.c: In function 'clearAllButtons':
../Core/Src/button.c:20:36: error: expected expression before ';' token
   20 |  for (int i = 0; i < NUM_OF_BUTTONS; i++) {
      |                                    ^
../Core/Src/led7_segment.c: In function 'update7LED':
../Core/Src/led7_segment.c:225:21: error: 'EN_VAL_1_GPIO_Port' undeclared (first use in this function); did you mean 'EN_SEG_1_GPIO_Port'?
  225 |   HAL_GPIO_WritePin(EN_VAL_1_GPIO_Port, EN_VAL_1_Pin, SET);
      |                     ^~~~~~~~~~~~~~~~~~
      |                     EN_SEG_1_GPIO_Port
../Core/Src/led7_segment.c:225:21: note: each undeclared identifier is reported only once for each function it appears in
../Core/Src/led7_segment.c:225:41: error: 'EN_VAL_1_Pin' undeclared (first use in this function); did you mean 'EN_SEG_1_Pin'?
  225 |   HAL_GPIO_WritePin(EN_VAL_1_GPIO_Port, EN_VAL_1_Pin, SET);
      |                                         ^~~~~~~~~~~~
      |                                         EN_SEG_1_Pin
../Core/Src/led7_segment.c: In function 'segRun1':
../Core/Src/led7_segment.c:239:16: error: 'ledModeData' undeclared (first use in this function)
  239 |  update7SEG(0, ledModeData);
      |                ^~~~~~~~~~~
../Core/Src/button.c:21:3: error: 'debounceButtonBuffer1' undeclared (first use in this function)
   21 |   debounceButtonBuffer1[i] = BUTTON_IS_RELEASED;
      |   ^~~~~~~~~~~~~~~~~~~~~
../Core/Src/button.c:21:3: note: each undeclared identifier is reported only once for each function it appears in
../Core/Src/led7_segment.c:240:16: error: 'ledValueData' undeclared (first use in this function)
  240 |  update7LED(0, ledValueData);
      |                ^~~~~~~~~~~~
../Core/Src/led7_segment.c: In function 'segRun2':
../Core/Src/led7_segment.c:244:16: error: 'ledModeData' undeclared (first use in this function)
  244 |  update7SEG(1, ledModeData);
      |                ^~~~~~~~~~~
../Core/Src/button.c:22:3: error: 'debounceButtonBuffer2' undeclared (first use in this function)
   22 |   debounceButtonBuffer2[i] = BUTTON_IS_RELEASED;
      |   ^~~~~~~~~~~~~~~~~~~~~
../Core/Src/led7_segment.c:245:16: error: 'ledValueData' undeclared (first use in this function)
  245 |  update7LED(1, ledValueData);
      |                ^~~~~~~~~~~~
../Core/Src/button.c:23:3: error: 'buttonBuffer' undeclared (first use in this function)
   23 |   buttonBuffer[i] = BUTTON_IS_RELEASED;
      |   ^~~~~~~~~~~~
In file included from ../Core/Inc/button.h:11,
                 from ../Core/Src/button.c:9:
../Core/Inc/global.h:18:31: error: expected ')' before ';' token
   18 | #define BUTTON_IS_RELEASED SET;
      |                               ^
../Core/Src/button.c:25:54: note: in expansion of macro 'BUTTON_IS_RELEASED'
   25 |  HAL_GPIO_WritePin(BUTTON_1_GPIO_Port, BUTTON_1_Pin, BUTTON_IS_RELEASED);
      |                                                      ^~~~~~~~~~~~~~~~~~
../Core/Inc/global.h:18:31: error: expected ')' before ';' token
   18 | #define BUTTON_IS_RELEASED SET;
      |                               ^
../Core/Src/button.c:26:54: note: in expansion of macro 'BUTTON_IS_RELEASED'
   26 |  HAL_GPIO_WritePin(BUTTON_2_GPIO_Port, BUTTON_2_Pin, BUTTON_IS_RELEASED);
      |                                                      ^~~~~~~~~~~~~~~~~~
../Core/Inc/global.h:18:31: error: expected ')' before ';' token
   18 | #define BUTTON_IS_RELEASED SET;
      |                               ^
../Core/Src/button.c:27:54: note: in expansion of macro 'BUTTON_IS_RELEASED'
   27 |  HAL_GPIO_WritePin(BUTTON_3_GPIO_Port, BUTTON_3_Pin, BUTTON_IS_RELEASED);
      |                                                      ^~~~~~~~~~~~~~~~~~
../Core/Src/button.c: In function 'isButtonPressed':
../Core/Src/button.c:31:6: error: 'button_flag' undeclared (first use in this function)
   31 |  if (button_flag[index] == 1) {
      |      ^~~~~~~~~~~
make: *** [Core/Src/subdir.mk:46: Core/Src/led7_segment.o] Error 1
make: *** Waiting for unfinished jobs....
../Core/Src/button.c: In function 'subKeyProcess':
../Core/Src/button.c:39:2: error: 'button_flag' undeclared (first use in this function)
   39 |  button_flag[index] = 1;
      |  ^~~~~~~~~~~
../Core/Src/button.c: In function 'getKeyInput':
../Core/Src/button.c:43:36: error: expected expression before ';' token
   43 |  for (int i = 0; i < NUM_OF_BUTTONS; i++) {
      |                                    ^
../Core/Src/button.c:44:3: error: 'debounceButtonBuffer1' undeclared (first use in this function)
   44 |   debounceButtonBuffer1[i] = debounceButtonBuffer2[i];
      |   ^~~~~~~~~~~~~~~~~~~~~
../Core/Src/button.c:44:30: error: 'debounceButtonBuffer2' undeclared (first use in this function)
   44 |   debounceButtonBuffer1[i] = debounceButtonBuffer2[i];
      |                              ^~~~~~~~~~~~~~~~~~~~~
../Core/Src/button.c:45:30: error: 'buttonBuffer' undeclared (first use in this function)
   45 |   debounceButtonBuffer2[i] = buttonBuffer[i];
      |                              ^~~~~~~~~~~~
../Core/Src/button.c:61:27: error: 'longPressButtonBuffer' undeclared (first use in this function)
   61 |    if (buttonBuffer[i] != longPressButtonBuffer[i]) {
      |                           ^~~~~~~~~~~~~~~~~~~~~
../Core/Src/button.c:64:28: error: 'PRESSED_STATE' undeclared (first use in this function)
   64 |     if (buttonBuffer[i] == PRESSED_STATE) {
      |                            ^~~~~~~~~~~~~
../Core/Src/button.c:65:6: error: 'TimeOutForKeyPress' undeclared (first use in this function)
   65 |      TimeOutForKeyPress[i] = TIME_OUT_FOR_KEY_PRESS;
      |      ^~~~~~~~~~~~~~~~~~
make: *** [Core/Src/subdir.mk:46: Core/Src/button.o] Error 1
"make -j16 all" terminated with exit code 2. Build might be incomplete.
14:08:05 **** Incremental Build of configuration Debug for project STM32_Lab3 ****
make -j16 all 
arm-none-eabi-gcc "../Core/Src/button.c" -mcpu=cortex-m3 -std=gnu11 -g3 -DDEBUG -DUSE_HAL_DRIVER -DSTM32F103x6 -c -I../Core/Inc -I../Drivers/STM32F1xx_HAL_Driver/Inc -I../Drivers/STM32F1xx_HAL_Driver/Inc/Legacy -I../Drivers/CMSIS/Device/ST/STM32F1xx/Include -I../Drivers/CMSIS/Include -O0 -ffunction-sections -fdata-sections -Wall -fstack-usage -MMD -MP -MF"Core/Src/button.d" -MT"Core/Src/button.o" --specs=nano.specs -mfloat-abi=soft -mthumb -o "Core/Src/button.o"
arm-none-eabi-gcc "../Core/Src/led7_segment.c" -mcpu=cortex-m3 -std=gnu11 -g3 -DDEBUG -DUSE_HAL_DRIVER -DSTM32F103x6 -c -I../Core/Inc -I../Drivers/STM32F1xx_HAL_Driver/Inc -I../Drivers/STM32F1xx_HAL_Driver/Inc/Legacy -I../Drivers/CMSIS/Device/ST/STM32F1xx/Include -I../Drivers/CMSIS/Include -O0 -ffunction-sections -fdata-sections -Wall -fstack-usage -MMD -MP -MF"Core/Src/led7_segment.d" -MT"Core/Src/led7_segment.o" --specs=nano.specs -mfloat-abi=soft -mthumb -o "Core/Src/led7_segment.o"
../Core/Src/button.c: In function 'getKeyInput':
../Core/Src/button.c:64:28: error: 'PRESSED_STATE' undeclared (first use in this function)
   64 |     if (buttonBuffer[i] == PRESSED_STATE) {
      |                            ^~~~~~~~~~~~~
../Core/Src/button.c:64:28: note: each undeclared identifier is reported only once for each function it appears in
../Core/Src/led7_segment.c: In function 'update7LED':
../Core/Src/led7_segment.c:225:21: error: 'EN_VAL_1_GPIO_Port' undeclared (first use in this function); did you mean 'EN_SEG_1_GPIO_Port'?
  225 |   HAL_GPIO_WritePin(EN_VAL_1_GPIO_Port, EN_VAL_1_Pin, SET);
      |                     ^~~~~~~~~~~~~~~~~~
      |                     EN_SEG_1_GPIO_Port
../Core/Src/led7_segment.c:225:21: note: each undeclared identifier is reported only once for each function it appears in
../Core/Src/led7_segment.c:225:41: error: 'EN_VAL_1_Pin' undeclared (first use in this function); did you mean 'EN_SEG_1_Pin'?
  225 |   HAL_GPIO_WritePin(EN_VAL_1_GPIO_Port, EN_VAL_1_Pin, SET);
      |                                         ^~~~~~~~~~~~
      |                                         EN_SEG_1_Pin
make: *** [Core/Src/subdir.mk:46: Core/Src/button.o] Error 1
make: *** Waiting for unfinished jobs....
../Core/Src/led7_segment.c: In function 'segRun1':
../Core/Src/led7_segment.c:239:16: error: 'ledModeData' undeclared (first use in this function)
  239 |  update7SEG(0, ledModeData);
      |                ^~~~~~~~~~~
../Core/Src/led7_segment.c:240:16: error: 'ledValueData' undeclared (first use in this function)
  240 |  update7LED(0, ledValueData);
      |                ^~~~~~~~~~~~
../Core/Src/led7_segment.c: In function 'segRun2':
../Core/Src/led7_segment.c:244:16: error: 'ledModeData' undeclared (first use in this function)
  244 |  update7SEG(1, ledModeData);
      |                ^~~~~~~~~~~
../Core/Src/led7_segment.c:245:16: error: 'ledValueData' undeclared (first use in this function)
  245 |  update7LED(1, ledValueData);
      |                ^~~~~~~~~~~~
make: *** [Core/Src/subdir.mk:46: Core/Src/led7_segment.o] Error 1
"make -j16 all" terminated with exit code 2. Build might be incomplete.
14:09:21 **** Incremental Build of configuration Debug for project STM32_Lab3 ****
make -j16 all 
[...]
arm-none-eabi-gcc "../Drivers/STM32F1xx_HAL_Driver/Src/stm32f1xx_hal_rcc.c" -mcpu=cortex-m3 -std=gnu11 -g3 -DDEBUG -DUSE_HAL_DRIVER -DSTM32F103x6 -c -I../Core/Inc -I../Drivers/STM32F1xx_HAL_Driver/Inc -I../Drivers/STM32F1xx_HAL_Driver/Inc/Legacy -I../Drivers/CMSIS/Device/ST/STM32F1xx/Include -I../Drivers/CMSIS/Include -O0 -ffunction-sections -fdata-sections -Wall -fstack-usage -MMD -MP -MF"Drivers/STM32F1xx_HAL_Driver/Src/stm32f1xx_hal_rcc.d" -MT"Drivers/STM32F1xx_HAL_Driver/Src/stm32f1xx_hal_rcc.o" --specs=nano.specs -mfloat-abi=soft -mthumb -o "Drivers/STM32F1xx_HAL_Driver/Src/stm32f1xx_hal_rcc.o"
arm-none-eabi-gcc "../Drivers/STM32F1xx_HAL_Driver/Src/stm32f1xx_hal_rcc_ex.c" -mcpu=cortex-m3 -std=gnu11 -g3 -DDEBUG -DUSE_HAL_DRIVER -DSTM32F103x6 -c -I../Core/Inc -I../Drivers/STM32F1xx_HAL_Driver/Inc -I../Drivers/STM32F1xx_HAL_Driver/Inc/Legacy -I../Drivers/CMSIS/Device/ST/STM32F1xx/Include -I../Drivers/CMSIS/Include -O0 -ffunction-sections -fdata-sections -Wall -fstack-usage -MMD -MP -MF"Drivers/STM32F1xx_HAL_Driver/Src/stm32f1xx_hal_rcc_ex.d" -MT"Drivers/STM32F1xx_HAL_Driver/Src/stm32f1xx_hal_rcc_ex.o" --specs=nano.specs -mfloat-abi=soft -mthumb -o "Drivers/STM32F1xx_HAL_Driver/Src/stm32f1xx_hal_rcc_ex.o"
arm-none-eabi-gcc "../Drivers/STM32F1xx_HAL_Driver/Src/stm32f1xx_hal_tim.c" -mcpu=cortex-m3 -std=gnu11 -g3 -DDEBUG -DUSE_HAL_DRIVER -DSTM32F103x6 -c -I../Core/Inc -I../Drivers/STM32F1xx_HAL_Driver/Inc -I../Drivers/STM32F1xx_HAL_Driver/Inc/Legacy -I../Drivers/CMSIS/Device/ST/STM32F1xx/Include -I../Drivers/CMSIS/Include -O0 -ffunction-sections -fdata-sections -Wall -fstack-usage -MMD -MP -MF"Drivers/STM32F1xx_HAL_Driver/Src/stm32f1xx_hal_tim.d" -MT"Drivers/STM32F1xx_HAL_Driver/Src/stm32f1xx_hal_tim.o" --specs=nano.specs -mfloat-abi=soft -mthumb -o "Drivers/STM32F1xx_HAL_Driver/Src/stm32f1xx_hal_tim.o"
arm-none-eabi-gcc "../Drivers/STM32F1xx_HAL_Driver/Src/stm32f1xx_hal_tim_ex.c" -mcpu=cortex-m3 -std=gnu11 -g3 -DDEBUG -DUSE_HAL_DRIVER -DSTM32F103x6 -c -I../Core/Inc -I../Drivers/STM32F1xx_HAL_Driver/Inc -I../Drivers/STM32F1xx_HAL_Driver/Inc/Legacy -I../Drivers/CMSIS/Device/ST/STM32F1xx/Include -I../Drivers/CMSIS/Include -O0 -ffunction-sections -fdata-sections -Wall -fstack-usage -MMD -MP -MF"Drivers/STM32F1xx_HAL_Driver/Src/stm32f1xx_hal_tim_ex.d" -MT"Drivers/STM32F1xx_HAL_Driver/Src/stm32f1xx_hal_tim_ex.o" --specs=nano.specs -mfloat-abi=soft -mthumb -o "Drivers/STM32F1xx_HAL_Driver/Src/stm32f1xx_hal_tim_ex.o"
arm-none-eabi-gcc "../Core/Src/button.c" -mcpu=cortex-m3 -std=gnu11 -g3 -DDEBUG -DUSE_HAL_DRIVER -DSTM32F103x6 -c -I../Core/Inc -I../Drivers/STM32F1xx_HAL_Driver/Inc -I../Drivers/STM32F1xx_HAL_Driver/Inc/Legacy -I../Drivers/CMSIS/Device/ST/STM32F1xx/Include -I../Drivers/CMSIS/Include -O0 -ffunction-sections -fdata-sections -Wall -fstack-usage -MMD -MP -MF"Core/Src/button.d" -MT"Core/Src/button.o" --specs=nano.specs -mfloat-abi=soft -mthumb -o "Core/Src/button.o"
arm-none-eabi-gcc "../Core/Src/fsm_automatic.c" -mcpu=cortex-m3 -std=gnu11 -g3 -DDEBUG -DUSE_HAL_DRIVER -DSTM32F103x6 -c -I../Core/Inc -I../Drivers/STM32F1xx_HAL_Driver/Inc -I../Drivers/STM32F1xx_HAL_Driver/Inc/Legacy -I../Drivers/CMSIS/Device/ST/STM32F1xx/Include -I../Drivers/CMSIS/Include -O0 -ffunction-sections -fdata-sections -Wall -fstack-usage -MMD -MP -MF"Core/Src/fsm_automatic.d" -MT"Core/Src/fsm_automatic.o" --specs=nano.specs -mfloat-abi=soft -mthumb -o "Core/Src/fsm_automatic.o"
arm-none-eabi-gcc "../Core/Src/fsm_manual.c" -mcpu=cortex-m3 -std=gnu11 -g3 -DDEBUG -DUSE_HAL_DRIVER -DSTM32F103x6 -c -I../Core/Inc -I../Drivers/STM32F1xx_HAL_Driver/Inc -I../Drivers/STM32F1xx_HAL_Driver/Inc/Legacy -I../Drivers/CMSIS/Device/ST/STM32F1xx/Include -I../Drivers/CMSIS/Include -O0 -ffunction-sections -fdata-sections -Wall -fstack-usage -MMD -MP -MF"Core/Src/fsm_manual.d" -MT"Core/Src/fsm_manual.o" --specs=nano.specs -mfloat-abi=soft -mthumb -o "Core/Src/fsm_manual.o"
arm-none-eabi-gcc "../Core/Src/global.c" -mcpu=cortex-m3 -std=gnu11 -g3 -DDEBUG -DUSE_HAL_DRIVER -DSTM32F103x6 -c -I../Core/Inc -I../Drivers/STM32F1xx_HAL_Driver/Inc -I../Drivers/STM32F1xx_HAL_Driver/Inc/Legacy -I../Drivers/CMSIS/Device/ST/STM32F1xx/Include -I../Drivers/CMSIS/Include -O0 -ffunction-sections -fdata-sections -Wall -fstack-usage -MMD -MP -MF"Core/Src/global.d" -MT"Core/Src/global.o" --specs=nano.specs -mfloat-abi=soft -mthumb -o "Core/Src/global.o"
arm-none-eabi-gcc "../Core/Src/led7_segment.c" -mcpu=cortex-m3 -std=gnu11 -g3 -DDEBUG -DUSE_HAL_DRIVER -DSTM32F103x6 -c -I../Core/Inc -I../Drivers/STM32F1xx_HAL_Driver/Inc -I../Drivers/STM32F1xx_HAL_Driver/Inc/Legacy -I../Drivers/CMSIS/Device/ST/STM32F1xx/Include -I../Drivers/CMSIS/Include -O0 -ffunction-sections -fdata-sections -Wall -fstack-usage -MMD -MP -MF"Core/Src/led7_segment.d" -MT"Core/Src/led7_segment.o" --specs=nano.specs -mfloat-abi=soft -mthumb -o "Core/Src/led7_segment.o"
arm-none-eabi-gcc "../Core/Src/main.c" -mcpu=cortex-m3 -std=gnu11 -g3 -DDEBUG -DUSE_HAL_DRIVER -DSTM32F103x6 -c -I../Core/Inc -I../Drivers/STM32F1xx_HAL_Driver/Inc -I../Drivers/STM32F1xx_HAL_Driver/Inc/Legacy -I../Drivers/CMSIS/Device/ST/STM32F1xx/Include -I../Drivers/CMSIS/Include -O0 -ffunction-sections -fdata-sections -Wall -fstack-usage -MMD -MP -MF"Core/Src/main.d" -MT"Core/Src/main.o" --specs=nano.specs -mfloat-abi=soft -mthumb -o "Core/Src/main.o"
arm-none-eabi-gcc "../Core/Src/software_timer.c" -mcpu=cortex-m3 -std=gnu11 -g3 -DDEBUG -DUSE_HAL_DRIVER -DSTM32F103x6 -c -I../Core/Inc -I../Drivers/STM32F1xx_HAL_Driver/Inc -I../Drivers/STM32F1xx_HAL_Driver/Inc/Legacy -I../Drivers/CMSIS/Device/ST/STM32F1xx/Include -I../Drivers/CMSIS/Include -O0 -ffunction-sections -fdata-sections -Wall -fstack-usage -MMD -MP -MF"Core/Src/software_timer.d" -MT"Core/Src/software_timer.o" --specs=nano.specs -mfloat-abi=soft -mthumb -o "Core/Src/software_timer.o"
arm-none-eabi-gcc "../Core/Src/stm32f1xx_hal_msp.c" -mcpu=cortex-m3 -std=gnu11 -g3 -DDEBUG -DUSE_HAL_DRIVER -DSTM32F103x6 -c -I../Core/Inc -I../Drivers/STM32F1xx_HAL_Driver/Inc -I../Drivers/STM32F1xx_HAL_Driver/Inc/Legacy -I../Drivers/CMSIS/Device/ST/STM32F1xx/Include -I../Drivers/CMSIS/Include -O0 -ffunction-sections -fdata-sections -Wall -fstack-usage -MMD -MP -MF"Core/Src/stm32f1xx_hal_msp.d" -MT"Core/Src/stm32f1xx_hal_msp.o" --specs=nano.specs -mfloat-abi=soft -mthumb -o "Core/Src/stm32f1xx_hal_msp.o"
arm-none-eabi-gcc "../Core/Src/stm32f1xx_it.c" -mcpu=cortex-m3 -std=gnu11 -g3 -DDEBUG -DUSE_HAL_DRIVER -DSTM32F103x6 -c -I../Core/Inc -I../Drivers/STM32F1xx_HAL_Driver/Inc -I../Drivers/STM32F1xx_HAL_Driver/Inc/Legacy -I../Drivers/CMSIS/Device/ST/STM32F1xx/Include -I../Drivers/CMSIS/Include -O0 -ffunction-sections -fdata-sections -Wall -fstack-usage -MMD -MP -MF"Core/Src/stm32f1xx_it.d" -MT"Core/Src/stm32f1xx_it.o" --specs=nano.specs -mfloat-abi=soft -mthumb -o "Core/Src/stm32f1xx_it.o"
arm-none-eabi-gcc "../Core/Src/syscalls.c" -mcpu=cortex-m3 -std=gnu11 -g3 -DDEBUG -DUSE_HAL_DRIVER -DSTM32F103x6 -c -I../Core/Inc -I../Drivers/STM32F1xx_HAL_Driver/Inc -I../Drivers/STM32F1xx_HAL_Driver/Inc/Legacy -I../Drivers/CMSIS/Device/ST/STM32F1xx/Include -I../Drivers/CMSIS/Include -O0 -ffunction-sections -fdata-sections -Wall -fstack-usage -MMD -MP -MF"Core/Src/syscalls.d" -MT"Core/Src/syscalls.o" --specs=nano.specs -mfloat-abi=soft -mthumb -o "Core/Src/syscalls.o"
arm-none-eabi-gcc "../Core/Src/sysmem.c" -mcpu=cortex-m3 -std=gnu11 -g3 -DDEBUG -DUSE_HAL_DRIVER -DSTM32F103x6 -c -I../Core/Inc -I../Drivers/STM32F1xx_HAL_Driver/Inc -I../Drivers/STM32F1xx_HAL_Driver/Inc/Legacy -I../Drivers/CMSIS/Device/ST/STM32F1xx/Include -I../Drivers/CMSIS/Include -O0 -ffunction-sections -fdata-sections -Wall -fstack-usage -MMD -MP -MF"Core/Src/sysmem.d" -MT"Core/Src/sysmem.o" --specs=nano.specs -mfloat-abi=soft -mthumb -o "Core/Src/sysmem.o"
arm-none-eabi-gcc "../Core/Src/system_stm32f1xx.c" -mcpu=cortex-m3 -std=gnu11 -g3 -DDEBUG -DUSE_HAL_DRIVER -DSTM32F103x6 -c -I../Core/Inc -I../Drivers/STM32F1xx_HAL_Driver/Inc -I../Drivers/STM32F1xx_HAL_Driver/Inc/Legacy -I../Drivers/CMSIS/Device/ST/STM32F1xx/Include -I../Drivers/CMSIS/Include -O0 -ffunction-sections -fdata-sections -Wall -fstack-usage -MMD -MP -MF"Core/Src/system_stm32f1xx.d" -MT"Core/Src/system_stm32f1xx.o" --specs=nano.specs -mfloat-abi=soft -mthumb -o "Core/Src/system_stm32f1xx.o"
arm-none-eabi-gcc "../Core/Src/traffic_light.c" -mcpu=cortex-m3 -std=gnu11 -g3 -DDEBUG -DUSE_HAL_DRIVER -DSTM32F103x6 -c -I../Core/Inc -I../Drivers/STM32F1xx_HAL_Driver/Inc -I../Drivers/STM32F1xx_HAL_Driver/Inc/Legacy -I../Drivers/CMSIS/Device/ST/STM32F1xx/Include -I../Drivers/CMSIS/Include -O0 -ffunction-sections -fdata-sections -Wall -fstack-usage -MMD -MP -MF"Core/Src/traffic_light.d" -MT"Core/Src/traffic_light.o" --specs=nano.specs -mfloat-abi=soft -mthumb -o "Core/Src/traffic_light.o"
arm-none-eabi-gcc -o "STM32_Lab3.elf" @"objects.list"   -mcpu=cortex-m3 -T"C:\Users\itzic\Desktop\baitapxaml\VXL\Git_Lab3\STM32_Lab3\STM32F103C6UX_FLASH.ld" --specs=nosys.specs -Wl,-Map="STM32_Lab3.map" -Wl,--gc-sections -static --specs=nano.specs -mfloat-abi=soft -mthumb -Wl,--start-group -lc -lm -Wl,--end-group
Finished building target: STM32_Lab3.elf
 
arm-none-eabi-size   STM32_Lab3.elf 
arm-none-eabi-objdump -h -S  STM32_Lab3.elf  > "STM32_Lab3.list"
arm-none-eabi-objcopy  -O ihex  STM32_Lab3.elf  "STM32_Lab3.hex"
arm-none-eabi-objcopy  -O binary  STM32_Lab3.elf  "STM32_Lab3.bin"
   text	   data	    bss	    dec	    hex	filename
  11924	     84	   1732	  13740	   35ac	STM32_Lab3.elf
Finished building: default.size.stdout
 
Finished building: STM32_Lab3.hex
Finished building: STM32_Lab3.bin
 
 
Finished building: STM32_Lab3.list
 
13:12:39 **** Build of configuration Debug for project STM32_Lab3 ****
make -j16 all 
arm-none-eabi-size   STM32_Lab3.elf 
   text	   data	    bss	    dec	    hex	filename
  11924	     84	   1732	  13740	   35ac	STM32_Lab3.elf
Finished building: default.size.stdout
 
13:14:31 **** Incremental Build of configuration Debug for project STM32_Lab3 ****
make -j16 all 
arm-none-eabi-gcc "../Core/Src/fsm_automatic.c" -mcpu=cortex-m3 -std=gnu11 -g3 -DDEBUG -DUSE_HAL_DRIVER -DSTM32F103x6 -c -I../Core/Inc -I../Drivers/STM32F1xx_HAL_Driver/Inc -I../Drivers/STM32F1xx_HAL_Driver/Inc/Legacy -I../Drivers/CMSIS/Device/ST/STM32F1xx/Include -I../Drivers/CMSIS/Include -O0 -ffunction-sections -fdata-sections -Wall -fstack-usage -MMD -MP -MF"Core/Src/fsm_automatic.d" -MT"Core/Src/fsm_automatic.o" --specs=nano.specs -mfloat-abi=soft -mthumb -o "Core/Src/fsm_automatic.o"
arm-none-eabi-gcc -o "STM32_Lab3.elf" @"objects.list"   -mcpu=cortex-m3 -T"C:\Users\itzic\Desktop\baitapxaml\VXL\Git_Lab3\STM32_Lab3\STM32F103C6UX_FLASH.ld" --specs=nosys.specs -Wl,-Map="STM32_Lab3.map" -Wl,--gc-sections -static --specs=nano.specs -mfloat-abi=soft -mthumb -Wl,--start-group -lc -lm -Wl,--end-group
Finished building target: STM32_Lab3.elf
 
arm-none-eabi-size   STM32_Lab3.elf 
arm-none-eabi-objdump -h -S  STM32_Lab3.elf  > "STM32_Lab3.list"
arm-none-eabi-objcopy  -O ihex  STM32_Lab3.elf  "STM32_Lab3.hex"
   text	   data	    bss	    dec	    hex	filename
  11928	     84	   1732	  13744	   35b0	STM32_Lab3.elf
arm-none-eabi-objcopy  -O binary  STM32_Lab3.elf  "STM32_Lab3.bin"
Finished building: default.size.stdout
 
Finished building: STM32_Lab3.hex
Finished building: STM32_Lab3.bin
 
 
Finished building: STM32_Lab3.list
 
13:21:28 **** Incremental Build of configuration Debug for project STM32_Lab3 ****
make -j16 all 
arm-none-eabi-gcc "../Core/Src/main.c" -mcpu=cortex-m3 -std=gnu11 -g3 -DDEBUG -DUSE_HAL_DRIVER -DSTM32F103x6 -c -I../Core/Inc -I../Drivers/STM32F1xx_HAL_Driver/Inc -I../Drivers/STM32F1xx_HAL_Driver/Inc/Legacy -I../Drivers/CMSIS/Device/ST/STM32F1xx/Include -I../Drivers/CMSIS/Include -O0 -ffunction-sections -fdata-sections -Wall -fstack-usage -MMD -MP -MF"Core/Src/main.d" -MT"Core/Src/main.o" --specs=nano.specs -mfloat-abi=soft -mthumb -o "Core/Src/main.o"
arm-none-eabi-gcc -o "STM32_Lab3.elf" @"objects.list"   -mcpu=cortex-m3 -T"C:\Users\itzic\Desktop\baitapxaml\VXL\Git_Lab3\STM32_Lab3\STM32F103C6UX_FLASH.ld" --specs=nosys.specs -Wl,-Map="STM32_Lab3.map" -Wl,--gc-sections -static --specs=nano.specs -mfloat-abi=soft -mthumb -Wl,--start-group -lc -lm -Wl,--end-group
Finished building target: STM32_Lab3.elf
 
arm-none-eabi-size   STM32_Lab3.elf 
arm-none-eabi-objdump -h -S  STM32_Lab3.elf  > "STM32_Lab3.list"
arm-none-eabi-objcopy  -O ihex  STM32_Lab3.elf  "STM32_Lab3.hex"
arm-none-eabi-objcopy  -O binary  STM32_Lab3.elf  "STM32_Lab3.bin"
   text	   data	    bss	    dec	    hex	filename
  11928	     84	   1732	  13744	   35b0	STM32_Lab3.elf
Finished building: default.size.stdout
 
Finished building: STM32_Lab3.hex
Finished building: STM32_Lab3.bin
 
 
Finished building: STM32_Lab3.list
 
13:27:28 **** Incremental Build of configuration Debug for project STM32_Lab3 ****
make -j16 all 
arm-none-eabi-gcc "../Core/Src/fsm_manual.c" -mcpu=cortex-m3 -std=gnu11 -g3 -DDEBUG -DUSE_HAL_DRIVER -DSTM32F103x6 -c -I../Core/Inc -I../Drivers/STM32F1xx_HAL_Driver/Inc -I../Drivers/STM32F1xx_HAL_Driver/Inc/Legacy -I../Drivers/CMSIS/Device/ST/STM32F1xx/Include -I../Drivers/CMSIS/Include -O0 -ffunction-sections -fdata-sections -Wall -fstack-usage -MMD -MP -MF"Core/Src/fsm_manual.d" -MT"Core/Src/fsm_manual.o" --specs=nano.specs -mfloat-abi=soft -mthumb -o "Core/Src/fsm_manual.o"
arm-none-eabi-gcc -o "STM32_Lab3.elf" @"objects.list"   -mcpu=cortex-m3 -T"C:\Users\itzic\Desktop\baitapxaml\VXL\Git_Lab3\STM32_Lab3\STM32F103C6UX_FLASH.ld" --specs=nosys.specs -Wl,-Map="STM32_Lab3.map" -Wl,--gc-sections -static --specs=nano.specs -mfloat-abi=soft -mthumb -Wl,--start-group -lc -lm -Wl,--end-group
Finished building target: STM32_Lab3.elf
 
arm-none-eabi-size   STM32_Lab3.elf 
arm-none-eabi-objdump -h -S  STM32_Lab3.elf  > "STM32_Lab3.list"
arm-none-eabi-objcopy  -O ihex  STM32_Lab3.elf  "STM32_Lab3.hex"
arm-none-eabi-objcopy  -O binary  STM32_Lab3.elf  "STM32_Lab3.bin"
   text	   data	    bss	    dec	    hex	filename
  11928	     84	   1732	  13744	   35b0	STM32_Lab3.elf
Finished building: default.size.stdout
 
Finished building: STM32_Lab3.hex
Finished building: STM32_Lab3.bin
 
 
Finished building: STM32_Lab3.list
 
13:28:41 **** Incremental Build of configuration Debug for project STM32_Lab3 ****
make -j16 all 
arm-none-eabi-gcc "../Core/Src/button.c" -mcpu=cortex-m3 -std=gnu11 -g3 -DDEBUG -DUSE_HAL_DRIVER -DSTM32F103x6 -c -I../Core/Inc -I../Drivers/STM32F1xx_HAL_Driver/Inc -I../Drivers/STM32F1xx_HAL_Driver/Inc/Legacy -I../Drivers/CMSIS/Device/ST/STM32F1xx/Include -I../Drivers/CMSIS/Include -O0 -ffunction-sections -fdata-sections -Wall -fstack-usage -MMD -MP -MF"Core/Src/button.d" -MT"Core/Src/button.o" --specs=nano.specs -mfloat-abi=soft -mthumb -o "Core/Src/button.o"
arm-none-eabi-gcc -o "STM32_Lab3.elf" @"objects.list"   -mcpu=cortex-m3 -T"C:\Users\itzic\Desktop\baitapxaml\VXL\Git_Lab3\STM32_Lab3\STM32F103C6UX_FLASH.ld" --specs=nosys.specs -Wl,-Map="STM32_Lab3.map" -Wl,--gc-sections -static --specs=nano.specs -mfloat-abi=soft -mthumb -Wl,--start-group -lc -lm -Wl,--end-group
Finished building target: STM32_Lab3.elf
 
arm-none-eabi-size   STM32_Lab3.elf 
arm-none-eabi-objdump -h -S  STM32_Lab3.elf  > "STM32_Lab3.list"
arm-none-eabi-objcopy  -O ihex  STM32_Lab3.elf  "STM32_Lab3.hex"
arm-none-eabi-objcopy  -O binary  STM32_Lab3.elf  "STM32_Lab3.bin"
   text	   data	    bss	    dec	    hex	filename
  11928	     84	   1732	  13744	   35b0	STM32_Lab3.elf
Finished building: default.size.stdout
 
Finished building: STM32_Lab3.hex
Finished building: STM32_Lab3.bin
 
 
Finished building: STM32_Lab3.list
 
13:35:01 **** Incremental Build of configuration Debug for project STM32_Lab3 ****
make -j16 all 
arm-none-eabi-gcc "../Core/Src/button.c" -mcpu=cortex-m3 -std=gnu11 -g3 -DDEBUG -DUSE_HAL_DRIVER -DSTM32F103x6 -c -I../Core/Inc -I../Drivers/STM32F1xx_HAL_Driver/Inc -I../Drivers/STM32F1xx_HAL_Driver/Inc/Legacy -I../Drivers/CMSIS/Device/ST/STM32F1xx/Include -I../Drivers/CMSIS/Include -O0 -ffunction-sections -fdata-sections -Wall -fstack-usage -MMD -MP -MF"Core/Src/button.d" -MT"Core/Src/button.o" --specs=nano.specs -mfloat-abi=soft -mthumb -o "Core/Src/button.o"
arm-none-eabi-gcc "../Core/Src/fsm_automatic.c" -mcpu=cortex-m3 -std=gnu11 -g3 -DDEBUG -DUSE_HAL_DRIVER -DSTM32F103x6 -c -I../Core/Inc -I../Drivers/STM32F1xx_HAL_Driver/Inc -I../Drivers/STM32F1xx_HAL_Driver/Inc/Legacy -I../Drivers/CMSIS/Device/ST/STM32F1xx/Include -I../Drivers/CMSIS/Include -O0 -ffunction-sections -fdata-sections -Wall -fstack-usage -MMD -MP -MF"Core/Src/fsm_automatic.d" -MT"Core/Src/fsm_automatic.o" --specs=nano.specs -mfloat-abi=soft -mthumb -o "Core/Src/fsm_automatic.o"
arm-none-eabi-gcc "../Core/Src/fsm_manual.c" -mcpu=cortex-m3 -std=gnu11 -g3 -DDEBUG -DUSE_HAL_DRIVER -DSTM32F103x6 -c -I../Core/Inc -I../Drivers/STM32F1xx_HAL_Driver/Inc -I../Drivers/STM32F1xx_HAL_Driver/Inc/Legacy -I../Drivers/CMSIS/Device/ST/STM32F1xx/Include -I../Drivers/CMSIS/Include -O0 -ffunction-sections -fdata-sections -Wall -fstack-usage -MMD -MP -MF"Core/Src/fsm_manual.d" -MT"Core/Src/fsm_manual.o" --specs=nano.specs -mfloat-abi=soft -mthumb -o "Core/Src/fsm_manual.o"
arm-none-eabi-gcc "../Core/Src/led7_segment.c" -mcpu=cortex-m3 -std=gnu11 -g3 -DDEBUG -DUSE_HAL_DRIVER -DSTM32F103x6 -c -I../Core/Inc -I../Drivers/STM32F1xx_HAL_Driver/Inc -I../Drivers/STM32F1xx_HAL_Driver/Inc/Legacy -I../Drivers/CMSIS/Device/ST/STM32F1xx/Include -I../Drivers/CMSIS/Include -O0 -ffunction-sections -fdata-sections -Wall -fstack-usage -MMD -MP -MF"Core/Src/led7_segment.d" -MT"Core/Src/led7_segment.o" --specs=nano.specs -mfloat-abi=soft -mthumb -o "Core/Src/led7_segment.o"
arm-none-eabi-gcc "../Core/Src/main.c" -mcpu=cortex-m3 -std=gnu11 -g3 -DDEBUG -DUSE_HAL_DRIVER -DSTM32F103x6 -c -I../Core/Inc -I../Drivers/STM32F1xx_HAL_Driver/Inc -I../Drivers/STM32F1xx_HAL_Driver/Inc/Legacy -I../Drivers/CMSIS/Device/ST/STM32F1xx/Include -I../Drivers/CMSIS/Include -O0 -ffunction-sections -fdata-sections -Wall -fstack-usage -MMD -MP -MF"Core/Src/main.d" -MT"Core/Src/main.o" --specs=nano.specs -mfloat-abi=soft -mthumb -o "Core/Src/main.o"
arm-none-eabi-gcc "../Core/Src/traffic_light.c" -mcpu=cortex-m3 -std=gnu11 -g3 -DDEBUG -DUSE_HAL_DRIVER -DSTM32F103x6 -c -I../Core/Inc -I../Drivers/STM32F1xx_HAL_Driver/Inc -I../Drivers/STM32F1xx_HAL_Driver/Inc/Legacy -I../Drivers/CMSIS/Device/ST/STM32F1xx/Include -I../Drivers/CMSIS/Include -O0 -ffunction-sections -fdata-sections -Wall -fstack-usage -MMD -MP -MF"Core/Src/traffic_light.d" -MT"Core/Src/traffic_light.o" --specs=nano.specs -mfloat-abi=soft -mthumb -o "Core/Src/traffic_light.o"
arm-none-eabi-gcc -o "STM32_Lab3.elf" @"objects.list"   -mcpu=cortex-m3 -T"C:\Users\itzic\Desktop\baitapxaml\VXL\Git_Lab3\STM32_Lab3\STM32F103C6UX_FLASH.ld" --specs=nosys.specs -Wl,-Map="STM32_Lab3.map" -Wl,--gc-sections -static --specs=nano.specs -mfloat-abi=soft -mthumb -Wl,--start-group -lc -lm -Wl,--end-group
Finished building target: STM32_Lab3.elf
 
arm-none-eabi-size   STM32_Lab3.elf 
arm-none-eabi-objdump -h -S  STM32_Lab3.elf  > "STM32_Lab3.list"
arm-none-eabi-objcopy  -O ihex  STM32_Lab3.elf  "STM32_Lab3.hex"
arm-none-eabi-objcopy  -O binary  STM32_Lab3.elf  "STM32_Lab3.bin"
   text	   data	    bss	    dec	    hex	filename
  11928	     84	   1732	  13744	   35b0	STM32_Lab3.elf
Finished building: default.size.stdout
 
Finished building: STM32_Lab3.hex
Finished building: STM32_Lab3.bin
 
 
Finished building: STM32_Lab3.list
 
14:02:05 **** Incremental Build of configuration Debug for project STM32_Lab3 ****
make -j16 all 
arm-none-eabi-size   STM32_Lab3.elf 
   text	   data	    bss	    dec	    hex	filename
  11928	     84	   1732	  13744	   35b0	STM32_Lab3.elf
Finished building: default.size.stdout
 
